2026-05-18 12:44:43,340 INFO o.a.j.u.JMeterUtils: Setting Locale to en_EN
2026-05-18 12:44:43,370 INFO o.a.j.JMeter: Loading user properties from: /opt/apache-jmeter-5.5/bin/user.properties
2026-05-18 12:44:43,372 INFO o.a.j.JMeter: Loading system properties from: /opt/apache-jmeter-5.5/bin/system.properties
2026-05-18 12:44:43,373 INFO o.a.j.JMeter: Setting System property: log4j2.formatMsgNoLookups=true
2026-05-18 12:44:43,373 INFO o.a.j.JMeter: Setting JMeter property: host=app-lazy
2026-05-18 12:44:43,375 INFO o.a.j.JMeter: Setting JMeter property: port=8000
2026-05-18 12:44:43,376 INFO o.a.j.JMeter: Setting JMeter property: read_pct=50
2026-05-18 12:44:43,376 INFO o.a.j.JMeter: Setting JMeter property: write_pct=50
2026-05-18 12:44:43,377 INFO o.a.j.JMeter: Setting JMeter property: threads=20
2026-05-18 12:44:43,378 INFO o.a.j.JMeter: Setting JMeter property: duration=60
2026-05-18 12:44:43,379 INFO o.a.j.JMeter: Setting JMeter property: jtl=/results/lazy__balanced.jtl
2026-05-18 12:44:43,386 INFO o.a.j.JMeter: Copyright (c) 1998-2022 The Apache Software Foundation
2026-05-18 12:44:43,387 INFO o.a.j.JMeter: Version 5.5
2026-05-18 12:44:43,388 INFO o.a.j.JMeter: java.version=1.8.0_275
2026-05-18 12:44:43,388 INFO o.a.j.JMeter: java.vm.name=OpenJDK 64-Bit Server VM
2026-05-18 12:44:43,388 INFO o.a.j.JMeter: os.name=Linux
2026-05-18 12:44:43,389 INFO o.a.j.JMeter: os.arch=amd64
2026-05-18 12:44:43,389 INFO o.a.j.JMeter: os.version=6.6.87.2-microsoft-standard-WSL2
2026-05-18 12:44:43,390 INFO o.a.j.JMeter: file.encoding=UTF-8
2026-05-18 12:44:43,390 INFO o.a.j.JMeter: java.awt.headless=true
2026-05-18 12:44:43,391 INFO o.a.j.JMeter: Max memory     =5695864832
2026-05-18 12:44:43,391 INFO o.a.j.JMeter: Available Processors =12
2026-05-18 12:44:43,397 INFO o.a.j.JMeter: Default Locale=English (EN)
2026-05-18 12:44:43,398 INFO o.a.j.JMeter: JMeter  Locale=English (EN)
2026-05-18 12:44:43,398 INFO o.a.j.JMeter: JMeterHome=/opt/apache-jmeter-5.5
2026-05-18 12:44:43,399 INFO o.a.j.JMeter: user.dir  =/opt/apache-jmeter-5.5
2026-05-18 12:44:43,400 INFO o.a.j.JMeter: PWD       =/opt/apache-jmeter-5.5
2026-05-18 12:44:43,401 INFO o.a.j.JMeter: IP: 172.21.0.7 Name: da31048fcea2 FullName: da31048fcea2
2026-05-18 12:44:43,426 INFO o.a.j.s.FileServer: Default base='/opt/apache-jmeter-5.5'
2026-05-18 12:44:43,427 INFO o.a.j.s.FileServer: Set new base='/test'
2026-05-18 12:44:43,537 INFO o.a.j.s.SaveService: Testplan (JMX) version: 2.2. Testlog (JTL) version: 2.2
2026-05-18 12:44:43,554 INFO o.a.j.s.SaveService: Using SaveService properties file encoding UTF-8
2026-05-18 12:44:43,559 INFO o.a.j.s.SaveService: Using SaveService properties version 5.0
2026-05-18 12:44:43,566 INFO o.a.j.s.SaveService: Loading file: /test/test-plan.jmx
2026-05-18 12:44:43,840 INFO o.a.j.p.h.s.HTTPSamplerBase: Parser for text/html is org.apache.jmeter.protocol.http.parser.LagartoBasedHtmlParser
2026-05-18 12:44:43,840 INFO o.a.j.p.h.s.HTTPSamplerBase: Parser for application/xhtml+xml is org.apache.jmeter.protocol.http.parser.LagartoBasedHtmlParser
2026-05-18 12:44:43,841 INFO o.a.j.p.h.s.HTTPSamplerBase: Parser for application/xml is org.apache.jmeter.protocol.http.parser.LagartoBasedHtmlParser
2026-05-18 12:44:43,841 INFO o.a.j.p.h.s.HTTPSamplerBase: Parser for text/xml is org.apache.jmeter.protocol.http.parser.LagartoBasedHtmlParser
2026-05-18 12:44:43,842 INFO o.a.j.p.h.s.HTTPSamplerBase: Parser for text/vnd.wap.wml is org.apache.jmeter.protocol.http.parser.RegexpHTMLParser
2026-05-18 12:44:43,842 INFO o.a.j.p.h.s.HTTPSamplerBase: Parser for text/css is org.apache.jmeter.protocol.http.parser.CssParser
2026-05-18 12:44:44,068 INFO o.a.j.JMeter: Creating summariser <summary>
2026-05-18 12:44:44,076 INFO o.a.j.e.StandardJMeterEngine: Running the test!
2026-05-18 12:44:44,077 INFO o.a.j.s.SampleEvent: List of sample_variables: []
2026-05-18 12:44:44,078 INFO o.a.j.s.SampleEvent: List of sample_variables: []
2026-05-18 12:44:44,082 INFO o.a.j.e.u.CompoundVariable: Note: Function class names must contain the string: '.functions.'
2026-05-18 12:44:44,083 INFO o.a.j.e.u.CompoundVariable: Note: Function class names must not contain the string: '.gui.'
2026-05-18 12:44:44,156 INFO o.a.j.JMeter: Running test (1779101084156)
2026-05-18 12:44:44,216 INFO o.a.j.e.StandardJMeterEngine: Starting ThreadGroup: 1 : Load
2026-05-18 12:44:44,217 INFO o.a.j.e.StandardJMeterEngine: Starting 20 threads for group Load.
2026-05-18 12:44:44,218 INFO o.a.j.e.StandardJMeterEngine: Thread will continue on error
2026-05-18 12:44:44,219 INFO o.a.j.t.ThreadGroup: Starting thread group... number=1 threads=20 ramp-up=2 delayedStart=false
2026-05-18 12:44:44,240 INFO o.a.j.t.ThreadGroup: Started thread group number 1
2026-05-18 12:44:44,241 INFO o.a.j.e.StandardJMeterEngine: All thread groups have been started
2026-05-18 12:44:44,291 INFO o.a.j.t.JMeterThread: Thread started: Load 1-1
2026-05-18 12:44:44,385 INFO o.a.j.t.JMeterThread: Thread started: Load 1-2
2026-05-18 12:44:44,471 INFO o.a.j.p.h.s.HTTPHCAbstractImpl: Local host = da31048fcea2
2026-05-18 12:44:44,480 INFO o.a.j.p.h.s.HTTPHC4Impl: HTTP request retry count = 0
2026-05-18 12:44:44,483 INFO o.a.j.s.SampleResult: Note: Sample TimeStamps are START times
2026-05-18 12:44:44,483 INFO o.a.j.s.SampleResult: sampleresult.default.encoding is set to ISO-8859-1
2026-05-18 12:44:44,484 INFO o.a.j.t.JMeterThread: Thread started: Load 1-3
2026-05-18 12:44:44,484 INFO o.a.j.s.SampleResult: sampleresult.useNanoTime=true
2026-05-18 12:44:44,485 INFO o.a.j.s.SampleResult: sampleresult.nanoThreadSleep=5000
2026-05-18 12:44:44,583 INFO o.a.j.t.JMeterThread: Thread started: Load 1-4
2026-05-18 12:44:44,682 INFO o.a.j.t.JMeterThread: Thread started: Load 1-5
2026-05-18 12:44:44,781 INFO o.a.j.t.JMeterThread: Thread started: Load 1-6
2026-05-18 12:44:44,881 INFO o.a.j.t.JMeterThread: Thread started: Load 1-7
2026-05-18 12:44:44,980 INFO o.a.j.t.JMeterThread: Thread started: Load 1-8
2026-05-18 12:44:45,079 INFO o.a.j.t.JMeterThread: Thread started: Load 1-9
2026-05-18 12:44:45,178 INFO o.a.j.t.JMeterThread: Thread started: Load 1-10
2026-05-18 12:44:45,278 INFO o.a.j.t.JMeterThread: Thread started: Load 1-11
2026-05-18 12:44:45,378 INFO o.a.j.t.JMeterThread: Thread started: Load 1-12
2026-05-18 12:44:45,476 INFO o.a.j.t.JMeterThread: Thread started: Load 1-13
2026-05-18 12:44:45,577 INFO o.a.j.t.JMeterThread: Thread started: Load 1-14
2026-05-18 12:44:45,674 INFO o.a.j.t.JMeterThread: Thread started: Load 1-15
2026-05-18 12:44:45,773 INFO o.a.j.t.JMeterThread: Thread started: Load 1-16
2026-05-18 12:44:45,873 INFO o.a.j.t.JMeterThread: Thread started: Load 1-17
2026-05-18 12:44:45,972 INFO o.a.j.t.JMeterThread: Thread started: Load 1-18
2026-05-18 12:44:46,072 INFO o.a.j.t.JMeterThread: Thread started: Load 1-19
2026-05-18 12:44:46,171 INFO o.a.j.t.JMeterThread: Thread started: Load 1-20
2026-05-18 12:45:00,003 INFO o.a.j.r.Summariser: summary +   6089 in 00:00:16 =  384.3/s Avg:    46 Min:     1 Max:   143 Err:     0 (0.00%) Active: 20 Started: 20 Finished: 0
2026-05-18 12:45:30,002 INFO o.a.j.r.Summariser: summary +  13576 in 00:00:30 =  452.5/s Avg:    43 Min:     0 Max:   138 Err:     0 (0.00%) Active: 20 Started: 20 Finished: 0
2026-05-18 12:45:30,003 INFO o.a.j.r.Summariser: summary =  19665 in 00:00:46 =  428.9/s Avg:    44 Min:     0 Max:   143 Err:     0 (0.00%)
2026-05-18 12:45:44,246 INFO o.a.j.t.JMeterThread: Stopping because end time detected by thread: Load 1-20
2026-05-18 12:45:44,247 INFO o.a.j.t.JMeterThread: Thread finished: Load 1-20
2026-05-18 12:45:44,248 INFO o.a.j.t.JMeterThread: Stopping because end time detected by thread: Load 1-9
2026-05-18 12:45:44,248 INFO o.a.j.t.JMeterThread: Stopping because end time detected by thread: Load 1-8
2026-05-18 12:45:44,249 INFO o.a.j.t.JMeterThread: Stopping because end time detected by thread: Load 1-5
2026-05-18 12:45:44,249 INFO o.a.j.t.JMeterThread: Stopping because end time detected by thread: Load 1-10
2026-05-18 12:45:44,249 INFO o.a.j.t.JMeterThread: Stopping because end time detected by thread: Load 1-15
2026-05-18 12:45:44,250 INFO o.a.j.t.JMeterThread: Thread finished: Load 1-8
2026-05-18 12:45:44,250 INFO o.a.j.t.JMeterThread: Thread finished: Load 1-5
2026-05-18 12:45:44,250 INFO o.a.j.t.JMeterThread: Thread finished: Load 1-9
2026-05-18 12:45:44,251 INFO o.a.j.t.JMeterThread: Thread finished: Load 1-15
2026-05-18 12:45:44,251 INFO o.a.j.t.JMeterThread: Thread finished: Load 1-10
2026-05-18 12:45:44,255 INFO o.a.j.t.JMeterThread: Stopping because end time detected by thread: Load 1-6
2026-05-18 12:45:44,256 INFO o.a.j.t.JMeterThread: Thread finished: Load 1-6
2026-05-18 12:45:44,267 INFO o.a.j.t.JMeterThread: Stopping because end time detected by thread: Load 1-17
2026-05-18 12:45:44,268 INFO o.a.j.t.JMeterThread: Thread finished: Load 1-17
2026-05-18 12:45:44,268 INFO o.a.j.t.JMeterThread: Stopping because end time detected by thread: Load 1-16
2026-05-18 12:45:44,270 INFO o.a.j.t.JMeterThread: Stopping because end time detected by thread: Load 1-2
2026-05-18 12:45:44,270 INFO o.a.j.t.JMeterThread: Stopping because end time detected by thread: Load 1-1
2026-05-18 12:45:44,272 INFO o.a.j.t.JMeterThread: Thread finished: Load 1-1
2026-05-18 12:45:44,272 INFO o.a.j.t.JMeterThread: Thread finished: Load 1-16
2026-05-18 12:45:44,270 INFO o.a.j.t.JMeterThread: Stopping because end time detected by thread: Load 1-3
2026-05-18 12:45:44,273 INFO o.a.j.t.JMeterThread: Stopping because end time detected by thread: Load 1-14
2026-05-18 12:45:44,272 INFO o.a.j.t.JMeterThread: Thread finished: Load 1-2
2026-05-18 12:45:44,271 INFO o.a.j.t.JMeterThread: Stopping because end time detected by thread: Load 1-19
2026-05-18 12:45:44,274 INFO o.a.j.t.JMeterThread: Thread finished: Load 1-14
2026-05-18 12:45:44,274 INFO o.a.j.t.JMeterThread: Thread finished: Load 1-3
2026-05-18 12:45:44,274 INFO o.a.j.t.JMeterThread: Thread finished: Load 1-19
2026-05-18 12:45:44,275 INFO o.a.j.t.JMeterThread: Stopping because end time detected by thread: Load 1-4
2026-05-18 12:45:44,276 INFO o.a.j.t.JMeterThread: Stopping because end time detected by thread: Load 1-7
2026-05-18 12:45:44,276 INFO o.a.j.t.JMeterThread: Stopping because end time detected by thread: Load 1-11
2026-05-18 12:45:44,275 INFO o.a.j.t.JMeterThread: Stopping because end time detected by thread: Load 1-12
2026-05-18 12:45:44,277 INFO o.a.j.t.JMeterThread: Thread finished: Load 1-7
2026-05-18 12:45:44,275 INFO o.a.j.t.JMeterThread: Stopping because end time detected by thread: Load 1-13
2026-05-18 12:45:44,275 INFO o.a.j.t.JMeterThread: Stopping because end time detected by thread: Load 1-18
2026-05-18 12:45:44,277 INFO o.a.j.t.JMeterThread: Thread finished: Load 1-12
2026-05-18 12:45:44,276 INFO o.a.j.t.JMeterThread: Thread finished: Load 1-4
2026-05-18 12:45:44,278 INFO o.a.j.t.JMeterThread: Thread finished: Load 1-13
2026-05-18 12:45:44,277 INFO o.a.j.t.JMeterThread: Thread finished: Load 1-18
2026-05-18 12:45:44,277 INFO o.a.j.t.JMeterThread: Thread finished: Load 1-11
2026-05-18 12:45:44,278 INFO o.a.j.e.StandardJMeterEngine: Notifying test listeners of end of test
2026-05-18 12:45:44,280 INFO o.a.j.r.Summariser: summary +   6610 in 00:00:14 =  462.9/s Avg:    42 Min:     0 Max:   181 Err:     0 (0.00%) Active: 0 Started: 20 Finished: 20
2026-05-18 12:45:44,281 INFO o.a.j.r.Summariser: summary =  26275 in 00:01:00 =  437.0/s Avg:    43 Min:     0 Max:   181 Err:     0 (0.00%)
