2026-05-18 12:45:47,743 INFO o.a.j.u.JMeterUtils: Setting Locale to en_EN
2026-05-18 12:45:47,772 INFO o.a.j.JMeter: Loading user properties from: /opt/apache-jmeter-5.5/bin/user.properties
2026-05-18 12:45:47,773 INFO o.a.j.JMeter: Loading system properties from: /opt/apache-jmeter-5.5/bin/system.properties
2026-05-18 12:45:47,774 INFO o.a.j.JMeter: Setting System property: log4j2.formatMsgNoLookups=true
2026-05-18 12:45:47,774 INFO o.a.j.JMeter: Setting JMeter property: host=app-lazy
2026-05-18 12:45:47,775 INFO o.a.j.JMeter: Setting JMeter property: port=8000
2026-05-18 12:45:47,776 INFO o.a.j.JMeter: Setting JMeter property: read_pct=20
2026-05-18 12:45:47,776 INFO o.a.j.JMeter: Setting JMeter property: write_pct=80
2026-05-18 12:45:47,776 INFO o.a.j.JMeter: Setting JMeter property: threads=20
2026-05-18 12:45:47,777 INFO o.a.j.JMeter: Setting JMeter property: duration=60
2026-05-18 12:45:47,778 INFO o.a.j.JMeter: Setting JMeter property: jtl=/results/lazy__write-heavy.jtl
2026-05-18 12:45:47,785 INFO o.a.j.JMeter: Copyright (c) 1998-2022 The Apache Software Foundation
2026-05-18 12:45:47,786 INFO o.a.j.JMeter: Version 5.5
2026-05-18 12:45:47,786 INFO o.a.j.JMeter: java.version=1.8.0_275
2026-05-18 12:45:47,787 INFO o.a.j.JMeter: java.vm.name=OpenJDK 64-Bit Server VM
2026-05-18 12:45:47,787 INFO o.a.j.JMeter: os.name=Linux
2026-05-18 12:45:47,788 INFO o.a.j.JMeter: os.arch=amd64
2026-05-18 12:45:47,788 INFO o.a.j.JMeter: os.version=6.6.87.2-microsoft-standard-WSL2
2026-05-18 12:45:47,788 INFO o.a.j.JMeter: file.encoding=UTF-8
2026-05-18 12:45:47,789 INFO o.a.j.JMeter: java.awt.headless=true
2026-05-18 12:45:47,789 INFO o.a.j.JMeter: Max memory     =5687476224
2026-05-18 12:45:47,790 INFO o.a.j.JMeter: Available Processors =12
2026-05-18 12:45:47,797 INFO o.a.j.JMeter: Default Locale=English (EN)
2026-05-18 12:45:47,798 INFO o.a.j.JMeter: JMeter  Locale=English (EN)
2026-05-18 12:45:47,798 INFO o.a.j.JMeter: JMeterHome=/opt/apache-jmeter-5.5
2026-05-18 12:45:47,799 INFO o.a.j.JMeter: user.dir  =/opt/apache-jmeter-5.5
2026-05-18 12:45:47,799 INFO o.a.j.JMeter: PWD       =/opt/apache-jmeter-5.5
2026-05-18 12:45:47,800 INFO o.a.j.JMeter: IP: 172.21.0.7 Name: 292a4eb933ac FullName: 292a4eb933ac
2026-05-18 12:45:47,831 INFO o.a.j.s.FileServer: Default base='/opt/apache-jmeter-5.5'
2026-05-18 12:45:47,832 INFO o.a.j.s.FileServer: Set new base='/test'
2026-05-18 12:45:47,953 INFO o.a.j.s.SaveService: Testplan (JMX) version: 2.2. Testlog (JTL) version: 2.2
2026-05-18 12:45:47,970 INFO o.a.j.s.SaveService: Using SaveService properties file encoding UTF-8
2026-05-18 12:45:47,974 INFO o.a.j.s.SaveService: Using SaveService properties version 5.0
2026-05-18 12:45:47,980 INFO o.a.j.s.SaveService: Loading file: /test/test-plan.jmx
2026-05-18 12:45:48,245 INFO o.a.j.p.h.s.HTTPSamplerBase: Parser for text/html is org.apache.jmeter.protocol.http.parser.LagartoBasedHtmlParser
2026-05-18 12:45:48,246 INFO o.a.j.p.h.s.HTTPSamplerBase: Parser for application/xhtml+xml is org.apache.jmeter.protocol.http.parser.LagartoBasedHtmlParser
2026-05-18 12:45:48,247 INFO o.a.j.p.h.s.HTTPSamplerBase: Parser for application/xml is org.apache.jmeter.protocol.http.parser.LagartoBasedHtmlParser
2026-05-18 12:45:48,247 INFO o.a.j.p.h.s.HTTPSamplerBase: Parser for text/xml is org.apache.jmeter.protocol.http.parser.LagartoBasedHtmlParser
2026-05-18 12:45:48,248 INFO o.a.j.p.h.s.HTTPSamplerBase: Parser for text/vnd.wap.wml is org.apache.jmeter.protocol.http.parser.RegexpHTMLParser
2026-05-18 12:45:48,249 INFO o.a.j.p.h.s.HTTPSamplerBase: Parser for text/css is org.apache.jmeter.protocol.http.parser.CssParser
2026-05-18 12:45:48,477 INFO o.a.j.JMeter: Creating summariser <summary>
2026-05-18 12:45:48,486 INFO o.a.j.e.StandardJMeterEngine: Running the test!
2026-05-18 12:45:48,486 INFO o.a.j.s.SampleEvent: List of sample_variables: []
2026-05-18 12:45:48,487 INFO o.a.j.s.SampleEvent: List of sample_variables: []
2026-05-18 12:45:48,492 INFO o.a.j.e.u.CompoundVariable: Note: Function class names must contain the string: '.functions.'
2026-05-18 12:45:48,492 INFO o.a.j.e.u.CompoundVariable: Note: Function class names must not contain the string: '.gui.'
2026-05-18 12:45:48,558 INFO o.a.j.JMeter: Running test (1779101148558)
2026-05-18 12:45:48,622 INFO o.a.j.e.StandardJMeterEngine: Starting ThreadGroup: 1 : Load
2026-05-18 12:45:48,623 INFO o.a.j.e.StandardJMeterEngine: Starting 20 threads for group Load.
2026-05-18 12:45:48,623 INFO o.a.j.e.StandardJMeterEngine: Thread will continue on error
2026-05-18 12:45:48,624 INFO o.a.j.t.ThreadGroup: Starting thread group... number=1 threads=20 ramp-up=2 delayedStart=false
2026-05-18 12:45:48,660 INFO o.a.j.t.ThreadGroup: Started thread group number 1
2026-05-18 12:45:48,661 INFO o.a.j.e.StandardJMeterEngine: All thread groups have been started
2026-05-18 12:45:48,691 INFO o.a.j.t.JMeterThread: Thread started: Load 1-1
2026-05-18 12:45:48,787 INFO o.a.j.t.JMeterThread: Thread started: Load 1-2
2026-05-18 12:45:48,821 INFO o.a.j.p.h.s.HTTPHCAbstractImpl: Local host = 292a4eb933ac
2026-05-18 12:45:48,829 INFO o.a.j.p.h.s.HTTPHC4Impl: HTTP request retry count = 0
2026-05-18 12:45:48,832 INFO o.a.j.s.SampleResult: Note: Sample TimeStamps are START times
2026-05-18 12:45:48,833 INFO o.a.j.s.SampleResult: sampleresult.default.encoding is set to ISO-8859-1
2026-05-18 12:45:48,834 INFO o.a.j.s.SampleResult: sampleresult.useNanoTime=true
2026-05-18 12:45:48,834 INFO o.a.j.s.SampleResult: sampleresult.nanoThreadSleep=5000
2026-05-18 12:45:48,886 INFO o.a.j.t.JMeterThread: Thread started: Load 1-3
2026-05-18 12:45:48,987 INFO o.a.j.t.JMeterThread: Thread started: Load 1-4
2026-05-18 12:45:49,086 INFO o.a.j.t.JMeterThread: Thread started: Load 1-5
2026-05-18 12:45:49,185 INFO o.a.j.t.JMeterThread: Thread started: Load 1-6
2026-05-18 12:45:49,286 INFO o.a.j.t.JMeterThread: Thread started: Load 1-7
2026-05-18 12:45:49,385 INFO o.a.j.t.JMeterThread: Thread started: Load 1-8
2026-05-18 12:45:49,482 INFO o.a.j.t.JMeterThread: Thread started: Load 1-9
2026-05-18 12:45:49,582 INFO o.a.j.t.JMeterThread: Thread started: Load 1-10
2026-05-18 12:45:49,677 INFO o.a.j.t.JMeterThread: Thread started: Load 1-11
2026-05-18 12:45:49,776 INFO o.a.j.t.JMeterThread: Thread started: Load 1-12
2026-05-18 12:45:49,875 INFO o.a.j.t.JMeterThread: Thread started: Load 1-13
2026-05-18 12:45:49,967 INFO o.a.j.t.JMeterThread: Thread started: Load 1-14
2026-05-18 12:45:50,064 INFO o.a.j.t.JMeterThread: Thread started: Load 1-15
2026-05-18 12:45:50,163 INFO o.a.j.t.JMeterThread: Thread started: Load 1-16
2026-05-18 12:45:50,261 INFO o.a.j.t.JMeterThread: Thread started: Load 1-17
2026-05-18 12:45:50,360 INFO o.a.j.t.JMeterThread: Thread started: Load 1-18
2026-05-18 12:45:50,459 INFO o.a.j.t.JMeterThread: Thread started: Load 1-19
2026-05-18 12:45:50,557 INFO o.a.j.t.JMeterThread: Thread started: Load 1-20
2026-05-18 12:46:00,016 INFO o.a.j.r.Summariser: summary +   3168 in 00:00:11 =  276.5/s Avg:    63 Min:     1 Max:   143 Err:     0 (0.00%) Active: 20 Started: 20 Finished: 0
2026-05-18 12:46:30,004 INFO o.a.j.r.Summariser: summary +   9894 in 00:00:30 =  329.9/s Avg:    59 Min:     0 Max:   150 Err:     0 (0.00%) Active: 20 Started: 20 Finished: 0
2026-05-18 12:46:30,005 INFO o.a.j.r.Summariser: summary =  13062 in 00:00:41 =  315.2/s Avg:    60 Min:     0 Max:   150 Err:     0 (0.00%)
2026-05-18 12:46:48,642 INFO o.a.j.t.JMeterThread: Stopping because end time detected by thread: Load 1-6
2026-05-18 12:46:48,644 INFO o.a.j.t.JMeterThread: Stopping because end time detected by thread: Load 1-12
2026-05-18 12:46:48,644 INFO o.a.j.t.JMeterThread: Thread finished: Load 1-6
2026-05-18 12:46:48,644 INFO o.a.j.t.JMeterThread: Stopping because end time detected by thread: Load 1-5
2026-05-18 12:46:48,646 INFO o.a.j.t.JMeterThread: Thread finished: Load 1-12
2026-05-18 12:46:48,646 INFO o.a.j.t.JMeterThread: Stopping because end time detected by thread: Load 1-8
2026-05-18 12:46:48,648 INFO o.a.j.t.JMeterThread: Thread finished: Load 1-5
2026-05-18 12:46:48,650 INFO o.a.j.t.JMeterThread: Stopping because end time detected by thread: Load 1-11
2026-05-18 12:46:48,651 INFO o.a.j.t.JMeterThread: Thread finished: Load 1-8
2026-05-18 12:46:48,652 INFO o.a.j.t.JMeterThread: Thread finished: Load 1-11
2026-05-18 12:46:48,654 INFO o.a.j.t.JMeterThread: Stopping because end time detected by thread: Load 1-2
2026-05-18 12:46:48,656 INFO o.a.j.t.JMeterThread: Stopping because end time detected by thread: Load 1-18
2026-05-18 12:46:48,656 INFO o.a.j.t.JMeterThread: Thread finished: Load 1-2
2026-05-18 12:46:48,657 INFO o.a.j.t.JMeterThread: Thread finished: Load 1-18
2026-05-18 12:46:48,657 INFO o.a.j.t.JMeterThread: Stopping because end time detected by thread: Load 1-10
2026-05-18 12:46:48,656 INFO o.a.j.t.JMeterThread: Stopping because end time detected by thread: Load 1-13
2026-05-18 12:46:48,659 INFO o.a.j.t.JMeterThread: Thread finished: Load 1-10
2026-05-18 12:46:48,659 INFO o.a.j.t.JMeterThread: Thread finished: Load 1-13
2026-05-18 12:46:48,661 INFO o.a.j.t.JMeterThread: Stopping because end time detected by thread: Load 1-3
2026-05-18 12:46:48,661 INFO o.a.j.t.JMeterThread: Stopping because end time detected by thread: Load 1-7
2026-05-18 12:46:48,662 INFO o.a.j.t.JMeterThread: Stopping because end time detected by thread: Load 1-9
2026-05-18 12:46:48,661 INFO o.a.j.t.JMeterThread: Stopping because end time detected by thread: Load 1-19
2026-05-18 12:46:48,663 INFO o.a.j.t.JMeterThread: Thread finished: Load 1-3
2026-05-18 12:46:48,663 INFO o.a.j.t.JMeterThread: Thread finished: Load 1-9
2026-05-18 12:46:48,664 INFO o.a.j.t.JMeterThread: Thread finished: Load 1-19
2026-05-18 12:46:48,664 INFO o.a.j.t.JMeterThread: Thread finished: Load 1-7
2026-05-18 12:46:48,671 INFO o.a.j.t.JMeterThread: Stopping because end time detected by thread: Load 1-4
2026-05-18 12:46:48,672 INFO o.a.j.t.JMeterThread: Stopping because end time detected by thread: Load 1-16
2026-05-18 12:46:48,673 INFO o.a.j.t.JMeterThread: Thread finished: Load 1-4
2026-05-18 12:46:48,674 INFO o.a.j.t.JMeterThread: Stopping because end time detected by thread: Load 1-1
2026-05-18 12:46:48,674 INFO o.a.j.t.JMeterThread: Stopping because end time detected by thread: Load 1-14
2026-05-18 12:46:48,675 INFO o.a.j.t.JMeterThread: Stopping because end time detected by thread: Load 1-15
2026-05-18 12:46:48,675 INFO o.a.j.t.JMeterThread: Thread finished: Load 1-1
2026-05-18 12:46:48,674 INFO o.a.j.t.JMeterThread: Stopping because end time detected by thread: Load 1-20
2026-05-18 12:46:48,674 INFO o.a.j.t.JMeterThread: Thread finished: Load 1-16
2026-05-18 12:46:48,675 INFO o.a.j.t.JMeterThread: Stopping because end time detected by thread: Load 1-17
2026-05-18 12:46:48,676 INFO o.a.j.t.JMeterThread: Thread finished: Load 1-14
2026-05-18 12:46:48,676 INFO o.a.j.t.JMeterThread: Thread finished: Load 1-15
2026-05-18 12:46:48,676 INFO o.a.j.t.JMeterThread: Thread finished: Load 1-20
2026-05-18 12:46:48,677 INFO o.a.j.t.JMeterThread: Thread finished: Load 1-17
2026-05-18 12:46:48,677 INFO o.a.j.e.StandardJMeterEngine: Notifying test listeners of end of test
2026-05-18 12:46:48,679 INFO o.a.j.r.Summariser: summary +   6574 in 00:00:19 =  352.0/s Avg:    56 Min:     0 Max:   128 Err:     0 (0.00%) Active: 0 Started: 20 Finished: 20
2026-05-18 12:46:48,680 INFO o.a.j.r.Summariser: summary =  19636 in 00:01:00 =  326.6/s Avg:    58 Min:     0 Max:   150 Err:     0 (0.00%)
