2026-05-18 12:43:37,353 INFO o.a.j.u.JMeterUtils: Setting Locale to en_EN
2026-05-18 12:43:37,370 INFO o.a.j.JMeter: Loading user properties from: /opt/apache-jmeter-5.5/bin/user.properties
2026-05-18 12:43:37,371 INFO o.a.j.JMeter: Loading system properties from: /opt/apache-jmeter-5.5/bin/system.properties
2026-05-18 12:43:37,372 INFO o.a.j.JMeter: Setting System property: log4j2.formatMsgNoLookups=true
2026-05-18 12:43:37,372 INFO o.a.j.JMeter: Setting JMeter property: host=app-lazy
2026-05-18 12:43:37,374 INFO o.a.j.JMeter: Setting JMeter property: port=8000
2026-05-18 12:43:37,375 INFO o.a.j.JMeter: Setting JMeter property: read_pct=80
2026-05-18 12:43:37,375 INFO o.a.j.JMeter: Setting JMeter property: write_pct=20
2026-05-18 12:43:37,375 INFO o.a.j.JMeter: Setting JMeter property: threads=20
2026-05-18 12:43:37,376 INFO o.a.j.JMeter: Setting JMeter property: duration=60
2026-05-18 12:43:37,376 INFO o.a.j.JMeter: Setting JMeter property: jtl=/results/lazy__read-heavy.jtl
2026-05-18 12:43:37,383 INFO o.a.j.JMeter: Copyright (c) 1998-2022 The Apache Software Foundation
2026-05-18 12:43:37,383 INFO o.a.j.JMeter: Version 5.5
2026-05-18 12:43:37,384 INFO o.a.j.JMeter: java.version=1.8.0_275
2026-05-18 12:43:37,384 INFO o.a.j.JMeter: java.vm.name=OpenJDK 64-Bit Server VM
2026-05-18 12:43:37,384 INFO o.a.j.JMeter: os.name=Linux
2026-05-18 12:43:37,385 INFO o.a.j.JMeter: os.arch=amd64
2026-05-18 12:43:37,385 INFO o.a.j.JMeter: os.version=6.6.87.2-microsoft-standard-WSL2
2026-05-18 12:43:37,386 INFO o.a.j.JMeter: file.encoding=UTF-8
2026-05-18 12:43:37,386 INFO o.a.j.JMeter: java.awt.headless=true
2026-05-18 12:43:37,387 INFO o.a.j.JMeter: Max memory     =5729419264
2026-05-18 12:43:37,387 INFO o.a.j.JMeter: Available Processors =12
2026-05-18 12:43:37,393 INFO o.a.j.JMeter: Default Locale=English (EN)
2026-05-18 12:43:37,394 INFO o.a.j.JMeter: JMeter  Locale=English (EN)
2026-05-18 12:43:37,395 INFO o.a.j.JMeter: JMeterHome=/opt/apache-jmeter-5.5
2026-05-18 12:43:37,395 INFO o.a.j.JMeter: user.dir  =/opt/apache-jmeter-5.5
2026-05-18 12:43:37,396 INFO o.a.j.JMeter: PWD       =/opt/apache-jmeter-5.5
2026-05-18 12:43:37,397 INFO o.a.j.JMeter: IP: 172.21.0.7 Name: 4dd8aab68efa FullName: 4dd8aab68efa
2026-05-18 12:43:37,424 INFO o.a.j.s.FileServer: Default base='/opt/apache-jmeter-5.5'
2026-05-18 12:43:37,425 INFO o.a.j.s.FileServer: Set new base='/test'
2026-05-18 12:43:37,542 INFO o.a.j.s.SaveService: Testplan (JMX) version: 2.2. Testlog (JTL) version: 2.2
2026-05-18 12:43:37,560 INFO o.a.j.s.SaveService: Using SaveService properties file encoding UTF-8
2026-05-18 12:43:37,566 INFO o.a.j.s.SaveService: Using SaveService properties version 5.0
2026-05-18 12:43:37,574 INFO o.a.j.s.SaveService: Loading file: /test/test-plan.jmx
2026-05-18 12:43:37,854 INFO o.a.j.p.h.s.HTTPSamplerBase: Parser for text/html is org.apache.jmeter.protocol.http.parser.LagartoBasedHtmlParser
2026-05-18 12:43:37,854 INFO o.a.j.p.h.s.HTTPSamplerBase: Parser for application/xhtml+xml is org.apache.jmeter.protocol.http.parser.LagartoBasedHtmlParser
2026-05-18 12:43:37,855 INFO o.a.j.p.h.s.HTTPSamplerBase: Parser for application/xml is org.apache.jmeter.protocol.http.parser.LagartoBasedHtmlParser
2026-05-18 12:43:37,856 INFO o.a.j.p.h.s.HTTPSamplerBase: Parser for text/xml is org.apache.jmeter.protocol.http.parser.LagartoBasedHtmlParser
2026-05-18 12:43:37,856 INFO o.a.j.p.h.s.HTTPSamplerBase: Parser for text/vnd.wap.wml is org.apache.jmeter.protocol.http.parser.RegexpHTMLParser
2026-05-18 12:43:37,857 INFO o.a.j.p.h.s.HTTPSamplerBase: Parser for text/css is org.apache.jmeter.protocol.http.parser.CssParser
2026-05-18 12:43:38,135 INFO o.a.j.JMeter: Creating summariser <summary>
2026-05-18 12:43:38,144 INFO o.a.j.e.StandardJMeterEngine: Running the test!
2026-05-18 12:43:38,144 INFO o.a.j.s.SampleEvent: List of sample_variables: []
2026-05-18 12:43:38,145 INFO o.a.j.s.SampleEvent: List of sample_variables: []
2026-05-18 12:43:38,149 INFO o.a.j.e.u.CompoundVariable: Note: Function class names must contain the string: '.functions.'
2026-05-18 12:43:38,150 INFO o.a.j.e.u.CompoundVariable: Note: Function class names must not contain the string: '.gui.'
2026-05-18 12:43:38,231 INFO o.a.j.JMeter: Running test (1779101018230)
2026-05-18 12:43:38,345 INFO o.a.j.e.StandardJMeterEngine: Starting ThreadGroup: 1 : Load
2026-05-18 12:43:38,346 INFO o.a.j.e.StandardJMeterEngine: Starting 20 threads for group Load.
2026-05-18 12:43:38,346 INFO o.a.j.e.StandardJMeterEngine: Thread will continue on error
2026-05-18 12:43:38,348 INFO o.a.j.t.ThreadGroup: Starting thread group... number=1 threads=20 ramp-up=2 delayedStart=false
2026-05-18 12:43:38,363 INFO o.a.j.t.ThreadGroup: Started thread group number 1
2026-05-18 12:43:38,364 INFO o.a.j.e.StandardJMeterEngine: All thread groups have been started
2026-05-18 12:43:38,410 INFO o.a.j.t.JMeterThread: Thread started: Load 1-1
2026-05-18 12:43:38,505 INFO o.a.j.t.JMeterThread: Thread started: Load 1-2
2026-05-18 12:43:38,586 INFO o.a.j.p.h.s.HTTPHCAbstractImpl: Local host = 4dd8aab68efa
2026-05-18 12:43:38,597 INFO o.a.j.p.h.s.HTTPHC4Impl: HTTP request retry count = 0
2026-05-18 12:43:38,600 INFO o.a.j.s.SampleResult: Note: Sample TimeStamps are START times
2026-05-18 12:43:38,600 INFO o.a.j.s.SampleResult: sampleresult.default.encoding is set to ISO-8859-1
2026-05-18 12:43:38,601 INFO o.a.j.s.SampleResult: sampleresult.useNanoTime=true
2026-05-18 12:43:38,601 INFO o.a.j.s.SampleResult: sampleresult.nanoThreadSleep=5000
2026-05-18 12:43:38,605 INFO o.a.j.t.JMeterThread: Thread started: Load 1-3
2026-05-18 12:43:38,705 INFO o.a.j.t.JMeterThread: Thread started: Load 1-4
2026-05-18 12:43:38,804 INFO o.a.j.t.JMeterThread: Thread started: Load 1-5
2026-05-18 12:43:38,904 INFO o.a.j.t.JMeterThread: Thread started: Load 1-6
2026-05-18 12:43:39,003 INFO o.a.j.t.JMeterThread: Thread started: Load 1-7
2026-05-18 12:43:39,102 INFO o.a.j.t.JMeterThread: Thread started: Load 1-8
2026-05-18 12:43:39,204 INFO o.a.j.t.JMeterThread: Thread started: Load 1-9
2026-05-18 12:43:39,302 INFO o.a.j.t.JMeterThread: Thread started: Load 1-10
2026-05-18 12:43:39,400 INFO o.a.j.t.JMeterThread: Thread started: Load 1-11
2026-05-18 12:43:39,503 INFO o.a.j.t.JMeterThread: Thread started: Load 1-12
2026-05-18 12:43:39,600 INFO o.a.j.t.JMeterThread: Thread started: Load 1-13
2026-05-18 12:43:39,700 INFO o.a.j.t.JMeterThread: Thread started: Load 1-14
2026-05-18 12:43:39,798 INFO o.a.j.t.JMeterThread: Thread started: Load 1-15
2026-05-18 12:43:39,901 INFO o.a.j.t.JMeterThread: Thread started: Load 1-16
2026-05-18 12:43:39,997 INFO o.a.j.t.JMeterThread: Thread started: Load 1-17
2026-05-18 12:43:40,097 INFO o.a.j.t.JMeterThread: Thread started: Load 1-18
2026-05-18 12:43:40,198 INFO o.a.j.t.JMeterThread: Thread started: Load 1-19
2026-05-18 12:43:40,296 INFO o.a.j.t.JMeterThread: Thread started: Load 1-20
2026-05-18 12:44:00,003 INFO o.a.j.r.Summariser: summary +  15420 in 00:00:22 =  708.3/s Avg:    25 Min:     0 Max:   159 Err:     0 (0.00%) Active: 20 Started: 20 Finished: 0
2026-05-18 12:44:30,003 INFO o.a.j.r.Summariser: summary +  26022 in 00:00:30 =  867.4/s Avg:    22 Min:     0 Max:   148 Err:     0 (0.00%) Active: 20 Started: 20 Finished: 0
2026-05-18 12:44:30,003 INFO o.a.j.r.Summariser: summary =  41442 in 00:00:52 =  800.5/s Avg:    23 Min:     0 Max:   159 Err:     0 (0.00%)
2026-05-18 12:44:38,358 INFO o.a.j.t.JMeterThread: Stopping because end time detected by thread: Load 1-3
2026-05-18 12:44:38,358 INFO o.a.j.t.JMeterThread: Stopping because end time detected by thread: Load 1-7
2026-05-18 12:44:38,359 INFO o.a.j.t.JMeterThread: Thread finished: Load 1-3
2026-05-18 12:44:38,358 INFO o.a.j.t.JMeterThread: Stopping because end time detected by thread: Load 1-11
2026-05-18 12:44:38,359 INFO o.a.j.t.JMeterThread: Stopping because end time detected by thread: Load 1-12
2026-05-18 12:44:38,359 INFO o.a.j.t.JMeterThread: Thread finished: Load 1-7
2026-05-18 12:44:38,360 INFO o.a.j.t.JMeterThread: Thread finished: Load 1-11
2026-05-18 12:44:38,361 INFO o.a.j.t.JMeterThread: Thread finished: Load 1-12
2026-05-18 12:44:38,361 INFO o.a.j.t.JMeterThread: Stopping because end time detected by thread: Load 1-5
2026-05-18 12:44:38,363 INFO o.a.j.t.JMeterThread: Thread finished: Load 1-5
2026-05-18 12:44:38,363 INFO o.a.j.t.JMeterThread: Stopping because end time detected by thread: Load 1-8
2026-05-18 12:44:38,363 INFO o.a.j.t.JMeterThread: Stopping because end time detected by thread: Load 1-19
2026-05-18 12:44:38,364 INFO o.a.j.t.JMeterThread: Thread finished: Load 1-19
2026-05-18 12:44:38,365 INFO o.a.j.t.JMeterThread: Thread finished: Load 1-8
2026-05-18 12:44:38,365 INFO o.a.j.t.JMeterThread: Stopping because end time detected by thread: Load 1-6
2026-05-18 12:44:38,365 INFO o.a.j.t.JMeterThread: Stopping because end time detected by thread: Load 1-10
2026-05-18 12:44:38,366 INFO o.a.j.t.JMeterThread: Stopping because end time detected by thread: Load 1-4
2026-05-18 12:44:38,366 INFO o.a.j.t.JMeterThread: Thread finished: Load 1-6
2026-05-18 12:44:38,366 INFO o.a.j.t.JMeterThread: Thread finished: Load 1-4
2026-05-18 12:44:38,367 INFO o.a.j.t.JMeterThread: Thread finished: Load 1-10
2026-05-18 12:44:38,367 INFO o.a.j.t.JMeterThread: Stopping because end time detected by thread: Load 1-20
2026-05-18 12:44:38,368 INFO o.a.j.t.JMeterThread: Thread finished: Load 1-20
2026-05-18 12:44:38,369 INFO o.a.j.t.JMeterThread: Stopping because end time detected by thread: Load 1-1
2026-05-18 12:44:38,369 INFO o.a.j.t.JMeterThread: Stopping because end time detected by thread: Load 1-2
2026-05-18 12:44:38,370 INFO o.a.j.t.JMeterThread: Thread finished: Load 1-1
2026-05-18 12:44:38,370 INFO o.a.j.t.JMeterThread: Thread finished: Load 1-2
2026-05-18 12:44:38,371 INFO o.a.j.t.JMeterThread: Stopping because end time detected by thread: Load 1-17
2026-05-18 12:44:38,371 INFO o.a.j.t.JMeterThread: Stopping because end time detected by thread: Load 1-16
2026-05-18 12:44:38,371 INFO o.a.j.t.JMeterThread: Stopping because end time detected by thread: Load 1-14
2026-05-18 12:44:38,372 INFO o.a.j.t.JMeterThread: Thread finished: Load 1-17
2026-05-18 12:44:38,372 INFO o.a.j.t.JMeterThread: Thread finished: Load 1-16
2026-05-18 12:44:38,373 INFO o.a.j.t.JMeterThread: Thread finished: Load 1-14
2026-05-18 12:44:38,374 INFO o.a.j.t.JMeterThread: Stopping because end time detected by thread: Load 1-18
2026-05-18 12:44:38,374 INFO o.a.j.t.JMeterThread: Stopping because end time detected by thread: Load 1-13
2026-05-18 12:44:38,374 INFO o.a.j.t.JMeterThread: Stopping because end time detected by thread: Load 1-9
2026-05-18 12:44:38,375 INFO o.a.j.t.JMeterThread: Thread finished: Load 1-18
2026-05-18 12:44:38,375 INFO o.a.j.t.JMeterThread: Thread finished: Load 1-13
2026-05-18 12:44:38,375 INFO o.a.j.t.JMeterThread: Thread finished: Load 1-9
2026-05-18 12:44:38,375 INFO o.a.j.t.JMeterThread: Stopping because end time detected by thread: Load 1-15
2026-05-18 12:44:38,377 INFO o.a.j.t.JMeterThread: Thread finished: Load 1-15
2026-05-18 12:44:38,377 INFO o.a.j.e.StandardJMeterEngine: Notifying test listeners of end of test
2026-05-18 12:44:38,379 INFO o.a.j.r.Summariser: summary +   7197 in 00:00:08 =  859.1/s Avg:    22 Min:     0 Max:   115 Err:     0 (0.00%) Active: 0 Started: 20 Finished: 20
2026-05-18 12:44:38,380 INFO o.a.j.r.Summariser: summary =  48639 in 00:01:00 =  808.6/s Avg:    23 Min:     0 Max:   159 Err:     0 (0.00%)
