2026-05-18 12:49:04,447 INFO o.a.j.u.JMeterUtils: Setting Locale to en_EN
2026-05-18 12:49:04,465 INFO o.a.j.JMeter: Loading user properties from: /opt/apache-jmeter-5.5/bin/user.properties
2026-05-18 12:49:04,466 INFO o.a.j.JMeter: Loading system properties from: /opt/apache-jmeter-5.5/bin/system.properties
2026-05-18 12:49:04,466 INFO o.a.j.JMeter: Setting System property: log4j2.formatMsgNoLookups=true
2026-05-18 12:49:04,467 INFO o.a.j.JMeter: Setting JMeter property: host=app-wt
2026-05-18 12:49:04,468 INFO o.a.j.JMeter: Setting JMeter property: port=8000
2026-05-18 12:49:04,469 INFO o.a.j.JMeter: Setting JMeter property: read_pct=20
2026-05-18 12:49:04,469 INFO o.a.j.JMeter: Setting JMeter property: write_pct=80
2026-05-18 12:49:04,469 INFO o.a.j.JMeter: Setting JMeter property: threads=20
2026-05-18 12:49:04,470 INFO o.a.j.JMeter: Setting JMeter property: duration=60
2026-05-18 12:49:04,470 INFO o.a.j.JMeter: Setting JMeter property: jtl=/results/write_through__write-heavy.jtl
2026-05-18 12:49:04,477 INFO o.a.j.JMeter: Copyright (c) 1998-2022 The Apache Software Foundation
2026-05-18 12:49:04,478 INFO o.a.j.JMeter: Version 5.5
2026-05-18 12:49:04,478 INFO o.a.j.JMeter: java.version=1.8.0_275
2026-05-18 12:49:04,478 INFO o.a.j.JMeter: java.vm.name=OpenJDK 64-Bit Server VM
2026-05-18 12:49:04,479 INFO o.a.j.JMeter: os.name=Linux
2026-05-18 12:49:04,479 INFO o.a.j.JMeter: os.arch=amd64
2026-05-18 12:49:04,479 INFO o.a.j.JMeter: os.version=6.6.87.2-microsoft-standard-WSL2
2026-05-18 12:49:04,480 INFO o.a.j.JMeter: file.encoding=UTF-8
2026-05-18 12:49:04,480 INFO o.a.j.JMeter: java.awt.headless=true
2026-05-18 12:49:04,480 INFO o.a.j.JMeter: Max memory     =5679087616
2026-05-18 12:49:04,480 INFO o.a.j.JMeter: Available Processors =12
2026-05-18 12:49:04,486 INFO o.a.j.JMeter: Default Locale=English (EN)
2026-05-18 12:49:04,486 INFO o.a.j.JMeter: JMeter  Locale=English (EN)
2026-05-18 12:49:04,487 INFO o.a.j.JMeter: JMeterHome=/opt/apache-jmeter-5.5
2026-05-18 12:49:04,487 INFO o.a.j.JMeter: user.dir  =/opt/apache-jmeter-5.5
2026-05-18 12:49:04,488 INFO o.a.j.JMeter: PWD       =/opt/apache-jmeter-5.5
2026-05-18 12:49:04,488 INFO o.a.j.JMeter: IP: 172.21.0.7 Name: b7f6b79a0f1d FullName: b7f6b79a0f1d
2026-05-18 12:49:04,511 INFO o.a.j.s.FileServer: Default base='/opt/apache-jmeter-5.5'
2026-05-18 12:49:04,512 INFO o.a.j.s.FileServer: Set new base='/test'
2026-05-18 12:49:04,647 INFO o.a.j.s.SaveService: Testplan (JMX) version: 2.2. Testlog (JTL) version: 2.2
2026-05-18 12:49:04,671 INFO o.a.j.s.SaveService: Using SaveService properties file encoding UTF-8
2026-05-18 12:49:04,678 INFO o.a.j.s.SaveService: Using SaveService properties version 5.0
2026-05-18 12:49:04,684 INFO o.a.j.s.SaveService: Loading file: /test/test-plan.jmx
2026-05-18 12:49:04,997 INFO o.a.j.p.h.s.HTTPSamplerBase: Parser for text/html is org.apache.jmeter.protocol.http.parser.LagartoBasedHtmlParser
2026-05-18 12:49:04,998 INFO o.a.j.p.h.s.HTTPSamplerBase: Parser for application/xhtml+xml is org.apache.jmeter.protocol.http.parser.LagartoBasedHtmlParser
2026-05-18 12:49:04,998 INFO o.a.j.p.h.s.HTTPSamplerBase: Parser for application/xml is org.apache.jmeter.protocol.http.parser.LagartoBasedHtmlParser
2026-05-18 12:49:04,999 INFO o.a.j.p.h.s.HTTPSamplerBase: Parser for text/xml is org.apache.jmeter.protocol.http.parser.LagartoBasedHtmlParser
2026-05-18 12:49:04,999 INFO o.a.j.p.h.s.HTTPSamplerBase: Parser for text/vnd.wap.wml is org.apache.jmeter.protocol.http.parser.RegexpHTMLParser
2026-05-18 12:49:04,999 INFO o.a.j.p.h.s.HTTPSamplerBase: Parser for text/css is org.apache.jmeter.protocol.http.parser.CssParser
2026-05-18 12:49:05,271 INFO o.a.j.JMeter: Creating summariser <summary>
2026-05-18 12:49:05,280 INFO o.a.j.e.StandardJMeterEngine: Running the test!
2026-05-18 12:49:05,281 INFO o.a.j.s.SampleEvent: List of sample_variables: []
2026-05-18 12:49:05,281 INFO o.a.j.s.SampleEvent: List of sample_variables: []
2026-05-18 12:49:05,286 INFO o.a.j.e.u.CompoundVariable: Note: Function class names must contain the string: '.functions.'
2026-05-18 12:49:05,287 INFO o.a.j.e.u.CompoundVariable: Note: Function class names must not contain the string: '.gui.'
2026-05-18 12:49:05,373 INFO o.a.j.JMeter: Running test (1779101345373)
2026-05-18 12:49:05,435 INFO o.a.j.e.StandardJMeterEngine: Starting ThreadGroup: 1 : Load
2026-05-18 12:49:05,435 INFO o.a.j.e.StandardJMeterEngine: Starting 20 threads for group Load.
2026-05-18 12:49:05,436 INFO o.a.j.e.StandardJMeterEngine: Thread will continue on error
2026-05-18 12:49:05,437 INFO o.a.j.t.ThreadGroup: Starting thread group... number=1 threads=20 ramp-up=2 delayedStart=false
2026-05-18 12:49:05,459 INFO o.a.j.t.ThreadGroup: Started thread group number 1
2026-05-18 12:49:05,460 INFO o.a.j.e.StandardJMeterEngine: All thread groups have been started
2026-05-18 12:49:05,518 INFO o.a.j.t.JMeterThread: Thread started: Load 1-1
2026-05-18 12:49:05,615 INFO o.a.j.t.JMeterThread: Thread started: Load 1-2
2026-05-18 12:49:05,714 INFO o.a.j.t.JMeterThread: Thread started: Load 1-3
2026-05-18 12:49:05,728 INFO o.a.j.p.h.s.HTTPHCAbstractImpl: Local host = b7f6b79a0f1d
2026-05-18 12:49:05,739 INFO o.a.j.p.h.s.HTTPHC4Impl: HTTP request retry count = 0
2026-05-18 12:49:05,742 INFO o.a.j.s.SampleResult: Note: Sample TimeStamps are START times
2026-05-18 12:49:05,743 INFO o.a.j.s.SampleResult: sampleresult.default.encoding is set to ISO-8859-1
2026-05-18 12:49:05,743 INFO o.a.j.s.SampleResult: sampleresult.useNanoTime=true
2026-05-18 12:49:05,744 INFO o.a.j.s.SampleResult: sampleresult.nanoThreadSleep=5000
2026-05-18 12:49:05,813 INFO o.a.j.t.JMeterThread: Thread started: Load 1-4
2026-05-18 12:49:05,883 INFO o.a.j.r.Summariser: summary +      1 in 00:00:01 =    2.0/s Avg:    64 Min:    64 Max:    64 Err:     0 (0.00%) Active: 4 Started: 4 Finished: 0
2026-05-18 12:49:05,913 INFO o.a.j.t.JMeterThread: Thread started: Load 1-5
2026-05-18 12:49:06,012 INFO o.a.j.t.JMeterThread: Thread started: Load 1-6
2026-05-18 12:49:06,111 INFO o.a.j.t.JMeterThread: Thread started: Load 1-7
2026-05-18 12:49:06,210 INFO o.a.j.t.JMeterThread: Thread started: Load 1-8
2026-05-18 12:49:06,311 INFO o.a.j.t.JMeterThread: Thread started: Load 1-9
2026-05-18 12:49:06,409 INFO o.a.j.t.JMeterThread: Thread started: Load 1-10
2026-05-18 12:49:06,508 INFO o.a.j.t.JMeterThread: Thread started: Load 1-11
2026-05-18 12:49:06,614 INFO o.a.j.t.JMeterThread: Thread started: Load 1-12
2026-05-18 12:49:06,706 INFO o.a.j.t.JMeterThread: Thread started: Load 1-13
2026-05-18 12:49:06,810 INFO o.a.j.t.JMeterThread: Thread started: Load 1-14
2026-05-18 12:49:06,904 INFO o.a.j.t.JMeterThread: Thread started: Load 1-15
2026-05-18 12:49:07,003 INFO o.a.j.t.JMeterThread: Thread started: Load 1-16
2026-05-18 12:49:07,102 INFO o.a.j.t.JMeterThread: Thread started: Load 1-17
2026-05-18 12:49:07,203 INFO o.a.j.t.JMeterThread: Thread started: Load 1-18
2026-05-18 12:49:07,299 INFO o.a.j.t.JMeterThread: Thread started: Load 1-19
2026-05-18 12:49:07,398 INFO o.a.j.t.JMeterThread: Thread started: Load 1-20
2026-05-18 12:49:30,000 INFO o.a.j.r.Summariser: summary +   8272 in 00:00:24 =  343.0/s Avg:    55 Min:     1 Max:   188 Err:     0 (0.00%) Active: 20 Started: 20 Finished: 0
2026-05-18 12:49:30,001 INFO o.a.j.r.Summariser: summary =   8273 in 00:00:25 =  335.9/s Avg:    55 Min:     1 Max:   188 Err:     0 (0.00%)
2026-05-18 12:50:00,007 INFO o.a.j.r.Summariser: summary +  12200 in 00:00:30 =  406.6/s Avg:    48 Min:     0 Max:   166 Err:     0 (0.00%) Active: 20 Started: 20 Finished: 0
2026-05-18 12:50:00,008 INFO o.a.j.r.Summariser: summary =  20473 in 00:00:55 =  374.7/s Avg:    51 Min:     0 Max:   188 Err:     0 (0.00%)
2026-05-18 12:50:05,471 INFO o.a.j.t.JMeterThread: Stopping because end time detected by thread: Load 1-4
2026-05-18 12:50:05,471 INFO o.a.j.t.JMeterThread: Stopping because end time detected by thread: Load 1-15
2026-05-18 12:50:05,472 INFO o.a.j.t.JMeterThread: Thread finished: Load 1-4
2026-05-18 12:50:05,472 INFO o.a.j.t.JMeterThread: Thread finished: Load 1-15
2026-05-18 12:50:05,488 INFO o.a.j.t.JMeterThread: Stopping because end time detected by thread: Load 1-9
2026-05-18 12:50:05,488 INFO o.a.j.t.JMeterThread: Stopping because end time detected by thread: Load 1-3
2026-05-18 12:50:05,489 INFO o.a.j.t.JMeterThread: Thread finished: Load 1-3
2026-05-18 12:50:05,490 INFO o.a.j.t.JMeterThread: Thread finished: Load 1-9
2026-05-18 12:50:05,491 INFO o.a.j.t.JMeterThread: Stopping because end time detected by thread: Load 1-14
2026-05-18 12:50:05,491 INFO o.a.j.t.JMeterThread: Stopping because end time detected by thread: Load 1-8
2026-05-18 12:50:05,491 INFO o.a.j.t.JMeterThread: Stopping because end time detected by thread: Load 1-1
2026-05-18 12:50:05,493 INFO o.a.j.t.JMeterThread: Thread finished: Load 1-14
2026-05-18 12:50:05,493 INFO o.a.j.t.JMeterThread: Thread finished: Load 1-8
2026-05-18 12:50:05,493 INFO o.a.j.t.JMeterThread: Thread finished: Load 1-1
2026-05-18 12:50:05,493 INFO o.a.j.t.JMeterThread: Stopping because end time detected by thread: Load 1-12
2026-05-18 12:50:05,493 INFO o.a.j.t.JMeterThread: Stopping because end time detected by thread: Load 1-18
2026-05-18 12:50:05,493 INFO o.a.j.t.JMeterThread: Stopping because end time detected by thread: Load 1-20
2026-05-18 12:50:05,495 INFO o.a.j.t.JMeterThread: Thread finished: Load 1-12
2026-05-18 12:50:05,495 INFO o.a.j.t.JMeterThread: Thread finished: Load 1-20
2026-05-18 12:50:05,495 INFO o.a.j.t.JMeterThread: Thread finished: Load 1-18
2026-05-18 12:50:05,498 INFO o.a.j.t.JMeterThread: Stopping because end time detected by thread: Load 1-11
2026-05-18 12:50:05,498 INFO o.a.j.t.JMeterThread: Stopping because end time detected by thread: Load 1-19
2026-05-18 12:50:05,498 INFO o.a.j.t.JMeterThread: Stopping because end time detected by thread: Load 1-13
2026-05-18 12:50:05,499 INFO o.a.j.t.JMeterThread: Stopping because end time detected by thread: Load 1-17
2026-05-18 12:50:05,498 INFO o.a.j.t.JMeterThread: Stopping because end time detected by thread: Load 1-2
2026-05-18 12:50:05,498 INFO o.a.j.t.JMeterThread: Stopping because end time detected by thread: Load 1-5
2026-05-18 12:50:05,498 INFO o.a.j.t.JMeterThread: Stopping because end time detected by thread: Load 1-7
2026-05-18 12:50:05,498 INFO o.a.j.t.JMeterThread: Stopping because end time detected by thread: Load 1-16
2026-05-18 12:50:05,499 INFO o.a.j.t.JMeterThread: Thread finished: Load 1-11
2026-05-18 12:50:05,499 INFO o.a.j.t.JMeterThread: Thread finished: Load 1-17
2026-05-18 12:50:05,499 INFO o.a.j.t.JMeterThread: Thread finished: Load 1-13
2026-05-18 12:50:05,500 INFO o.a.j.t.JMeterThread: Thread finished: Load 1-7
2026-05-18 12:50:05,499 INFO o.a.j.t.JMeterThread: Stopping because end time detected by thread: Load 1-6
2026-05-18 12:50:05,499 INFO o.a.j.t.JMeterThread: Stopping because end time detected by thread: Load 1-10
2026-05-18 12:50:05,500 INFO o.a.j.t.JMeterThread: Thread finished: Load 1-16
2026-05-18 12:50:05,500 INFO o.a.j.t.JMeterThread: Thread finished: Load 1-2
2026-05-18 12:50:05,500 INFO o.a.j.t.JMeterThread: Thread finished: Load 1-19
2026-05-18 12:50:05,502 INFO o.a.j.t.JMeterThread: Thread finished: Load 1-10
2026-05-18 12:50:05,501 INFO o.a.j.t.JMeterThread: Thread finished: Load 1-6
2026-05-18 12:50:05,501 INFO o.a.j.t.JMeterThread: Thread finished: Load 1-5
2026-05-18 12:50:05,503 INFO o.a.j.e.StandardJMeterEngine: Notifying test listeners of end of test
2026-05-18 12:50:05,504 INFO o.a.j.r.Summariser: summary +   2172 in 00:00:05 =  395.1/s Avg:    50 Min:     0 Max:   133 Err:     0 (0.00%) Active: 0 Started: 20 Finished: 20
2026-05-18 12:50:05,505 INFO o.a.j.r.Summariser: summary =  22645 in 00:01:00 =  376.6/s Avg:    50 Min:     0 Max:   188 Err:     0 (0.00%)
