2026-05-18 12:50:08,786 INFO o.a.j.u.JMeterUtils: Setting Locale to en_EN
2026-05-18 12:50:08,805 INFO o.a.j.JMeter: Loading user properties from: /opt/apache-jmeter-5.5/bin/user.properties
2026-05-18 12:50:08,805 INFO o.a.j.JMeter: Loading system properties from: /opt/apache-jmeter-5.5/bin/system.properties
2026-05-18 12:50:08,806 INFO o.a.j.JMeter: Setting System property: log4j2.formatMsgNoLookups=true
2026-05-18 12:50:08,807 INFO o.a.j.JMeter: Setting JMeter property: host=app-wb
2026-05-18 12:50:08,808 INFO o.a.j.JMeter: Setting JMeter property: port=8000
2026-05-18 12:50:08,808 INFO o.a.j.JMeter: Setting JMeter property: read_pct=80
2026-05-18 12:50:08,809 INFO o.a.j.JMeter: Setting JMeter property: write_pct=20
2026-05-18 12:50:08,809 INFO o.a.j.JMeter: Setting JMeter property: threads=20
2026-05-18 12:50:08,809 INFO o.a.j.JMeter: Setting JMeter property: duration=60
2026-05-18 12:50:08,810 INFO o.a.j.JMeter: Setting JMeter property: jtl=/results/write_back__read-heavy.jtl
2026-05-18 12:50:08,817 INFO o.a.j.JMeter: Copyright (c) 1998-2022 The Apache Software Foundation
2026-05-18 12:50:08,817 INFO o.a.j.JMeter: Version 5.5
2026-05-18 12:50:08,818 INFO o.a.j.JMeter: java.version=1.8.0_275
2026-05-18 12:50:08,819 INFO o.a.j.JMeter: java.vm.name=OpenJDK 64-Bit Server VM
2026-05-18 12:50:08,819 INFO o.a.j.JMeter: os.name=Linux
2026-05-18 12:50:08,819 INFO o.a.j.JMeter: os.arch=amd64
2026-05-18 12:50:08,820 INFO o.a.j.JMeter: os.version=6.6.87.2-microsoft-standard-WSL2
2026-05-18 12:50:08,820 INFO o.a.j.JMeter: file.encoding=UTF-8
2026-05-18 12:50:08,821 INFO o.a.j.JMeter: java.awt.headless=true
2026-05-18 12:50:08,821 INFO o.a.j.JMeter: Max memory     =5679087616
2026-05-18 12:50:08,822 INFO o.a.j.JMeter: Available Processors =12
2026-05-18 12:50:08,829 INFO o.a.j.JMeter: Default Locale=English (EN)
2026-05-18 12:50:08,830 INFO o.a.j.JMeter: JMeter  Locale=English (EN)
2026-05-18 12:50:08,830 INFO o.a.j.JMeter: JMeterHome=/opt/apache-jmeter-5.5
2026-05-18 12:50:08,831 INFO o.a.j.JMeter: user.dir  =/opt/apache-jmeter-5.5
2026-05-18 12:50:08,832 INFO o.a.j.JMeter: PWD       =/opt/apache-jmeter-5.5
2026-05-18 12:50:08,832 INFO o.a.j.JMeter: IP: 172.21.0.7 Name: e87c6e89122a FullName: e87c6e89122a
2026-05-18 12:50:08,857 INFO o.a.j.s.FileServer: Default base='/opt/apache-jmeter-5.5'
2026-05-18 12:50:08,859 INFO o.a.j.s.FileServer: Set new base='/test'
2026-05-18 12:50:08,970 INFO o.a.j.s.SaveService: Testplan (JMX) version: 2.2. Testlog (JTL) version: 2.2
2026-05-18 12:50:08,987 INFO o.a.j.s.SaveService: Using SaveService properties file encoding UTF-8
2026-05-18 12:50:08,993 INFO o.a.j.s.SaveService: Using SaveService properties version 5.0
2026-05-18 12:50:08,999 INFO o.a.j.s.SaveService: Loading file: /test/test-plan.jmx
2026-05-18 12:50:09,288 INFO o.a.j.p.h.s.HTTPSamplerBase: Parser for text/html is org.apache.jmeter.protocol.http.parser.LagartoBasedHtmlParser
2026-05-18 12:50:09,289 INFO o.a.j.p.h.s.HTTPSamplerBase: Parser for application/xhtml+xml is org.apache.jmeter.protocol.http.parser.LagartoBasedHtmlParser
2026-05-18 12:50:09,289 INFO o.a.j.p.h.s.HTTPSamplerBase: Parser for application/xml is org.apache.jmeter.protocol.http.parser.LagartoBasedHtmlParser
2026-05-18 12:50:09,290 INFO o.a.j.p.h.s.HTTPSamplerBase: Parser for text/xml is org.apache.jmeter.protocol.http.parser.LagartoBasedHtmlParser
2026-05-18 12:50:09,290 INFO o.a.j.p.h.s.HTTPSamplerBase: Parser for text/vnd.wap.wml is org.apache.jmeter.protocol.http.parser.RegexpHTMLParser
2026-05-18 12:50:09,290 INFO o.a.j.p.h.s.HTTPSamplerBase: Parser for text/css is org.apache.jmeter.protocol.http.parser.CssParser
2026-05-18 12:50:09,753 INFO o.a.j.JMeter: Creating summariser <summary>
2026-05-18 12:50:09,761 INFO o.a.j.e.StandardJMeterEngine: Running the test!
2026-05-18 12:50:09,763 INFO o.a.j.s.SampleEvent: List of sample_variables: []
2026-05-18 12:50:09,764 INFO o.a.j.s.SampleEvent: List of sample_variables: []
2026-05-18 12:50:09,768 INFO o.a.j.e.u.CompoundVariable: Note: Function class names must contain the string: '.functions.'
2026-05-18 12:50:09,769 INFO o.a.j.e.u.CompoundVariable: Note: Function class names must not contain the string: '.gui.'
2026-05-18 12:50:09,844 INFO o.a.j.JMeter: Running test (1779101409844)
2026-05-18 12:50:09,902 INFO o.a.j.e.StandardJMeterEngine: Starting ThreadGroup: 1 : Load
2026-05-18 12:50:09,903 INFO o.a.j.e.StandardJMeterEngine: Starting 20 threads for group Load.
2026-05-18 12:50:09,904 INFO o.a.j.e.StandardJMeterEngine: Thread will continue on error
2026-05-18 12:50:09,904 INFO o.a.j.t.ThreadGroup: Starting thread group... number=1 threads=20 ramp-up=2 delayedStart=false
2026-05-18 12:50:09,922 INFO o.a.j.t.ThreadGroup: Started thread group number 1
2026-05-18 12:50:09,923 INFO o.a.j.e.StandardJMeterEngine: All thread groups have been started
2026-05-18 12:50:09,967 INFO o.a.j.t.JMeterThread: Thread started: Load 1-1
2026-05-18 12:50:10,063 INFO o.a.j.t.JMeterThread: Thread started: Load 1-2
2026-05-18 12:50:10,137 INFO o.a.j.p.h.s.HTTPHCAbstractImpl: Local host = e87c6e89122a
2026-05-18 12:50:10,146 INFO o.a.j.p.h.s.HTTPHC4Impl: HTTP request retry count = 0
2026-05-18 12:50:10,148 INFO o.a.j.s.SampleResult: Note: Sample TimeStamps are START times
2026-05-18 12:50:10,149 INFO o.a.j.s.SampleResult: sampleresult.default.encoding is set to ISO-8859-1
2026-05-18 12:50:10,149 INFO o.a.j.s.SampleResult: sampleresult.useNanoTime=true
2026-05-18 12:50:10,150 INFO o.a.j.s.SampleResult: sampleresult.nanoThreadSleep=5000
2026-05-18 12:50:10,162 INFO o.a.j.t.JMeterThread: Thread started: Load 1-3
2026-05-18 12:50:10,261 INFO o.a.j.t.JMeterThread: Thread started: Load 1-4
2026-05-18 12:50:10,361 INFO o.a.j.t.JMeterThread: Thread started: Load 1-5
2026-05-18 12:50:10,460 INFO o.a.j.t.JMeterThread: Thread started: Load 1-6
2026-05-18 12:50:10,559 INFO o.a.j.t.JMeterThread: Thread started: Load 1-7
2026-05-18 12:50:10,658 INFO o.a.j.t.JMeterThread: Thread started: Load 1-8
2026-05-18 12:50:10,757 INFO o.a.j.t.JMeterThread: Thread started: Load 1-9
2026-05-18 12:50:10,857 INFO o.a.j.t.JMeterThread: Thread started: Load 1-10
2026-05-18 12:50:10,956 INFO o.a.j.t.JMeterThread: Thread started: Load 1-11
2026-05-18 12:50:11,057 INFO o.a.j.t.JMeterThread: Thread started: Load 1-12
2026-05-18 12:50:11,155 INFO o.a.j.t.JMeterThread: Thread started: Load 1-13
2026-05-18 12:50:11,253 INFO o.a.j.t.JMeterThread: Thread started: Load 1-14
2026-05-18 12:50:11,352 INFO o.a.j.t.JMeterThread: Thread started: Load 1-15
2026-05-18 12:50:11,452 INFO o.a.j.t.JMeterThread: Thread started: Load 1-16
2026-05-18 12:50:11,551 INFO o.a.j.t.JMeterThread: Thread started: Load 1-17
2026-05-18 12:50:11,650 INFO o.a.j.t.JMeterThread: Thread started: Load 1-18
2026-05-18 12:50:11,751 INFO o.a.j.t.JMeterThread: Thread started: Load 1-19
2026-05-18 12:50:11,850 INFO o.a.j.t.JMeterThread: Thread started: Load 1-20
2026-05-18 12:50:30,002 INFO o.a.j.r.Summariser: summary +  22704 in 00:00:20 = 1126.4/s Avg:    15 Min:     2 Max:    52 Err:     0 (0.00%) Active: 20 Started: 20 Finished: 0
2026-05-18 12:51:00,023 INFO o.a.j.r.Summariser: summary +  28006 in 00:00:30 =  932.9/s Avg:    19 Min:     3 Max:   136 Err:     0 (0.00%) Active: 20 Started: 20 Finished: 0
2026-05-18 12:51:00,025 INFO o.a.j.r.Summariser: summary =  50710 in 00:00:50 = 1010.6/s Avg:    17 Min:     2 Max:   136 Err:     0 (0.00%)
2026-05-18 12:51:09,915 INFO o.a.j.t.JMeterThread: Stopping because end time detected by thread: Load 1-8
2026-05-18 12:51:09,915 INFO o.a.j.t.JMeterThread: Stopping because end time detected by thread: Load 1-4
2026-05-18 12:51:09,917 INFO o.a.j.t.JMeterThread: Thread finished: Load 1-8
2026-05-18 12:51:09,918 INFO o.a.j.t.JMeterThread: Thread finished: Load 1-4
2026-05-18 12:51:09,918 INFO o.a.j.t.JMeterThread: Stopping because end time detected by thread: Load 1-14
2026-05-18 12:51:09,918 INFO o.a.j.t.JMeterThread: Stopping because end time detected by thread: Load 1-12
2026-05-18 12:51:09,918 INFO o.a.j.t.JMeterThread: Stopping because end time detected by thread: Load 1-3
2026-05-18 12:51:09,918 INFO o.a.j.t.JMeterThread: Stopping because end time detected by thread: Load 1-10
2026-05-18 12:51:09,918 INFO o.a.j.t.JMeterThread: Stopping because end time detected by thread: Load 1-13
2026-05-18 12:51:09,923 INFO o.a.j.t.JMeterThread: Stopping because end time detected by thread: Load 1-2
2026-05-18 12:51:09,923 INFO o.a.j.t.JMeterThread: Thread finished: Load 1-10
2026-05-18 12:51:09,922 INFO o.a.j.t.JMeterThread: Thread finished: Load 1-12
2026-05-18 12:51:09,922 INFO o.a.j.t.JMeterThread: Thread finished: Load 1-14
2026-05-18 12:51:09,924 INFO o.a.j.t.JMeterThread: Thread finished: Load 1-13
2026-05-18 12:51:09,923 INFO o.a.j.t.JMeterThread: Thread finished: Load 1-3
2026-05-18 12:51:09,926 INFO o.a.j.t.JMeterThread: Stopping because end time detected by thread: Load 1-5
2026-05-18 12:51:09,926 INFO o.a.j.t.JMeterThread: Thread finished: Load 1-2
2026-05-18 12:51:09,926 INFO o.a.j.t.JMeterThread: Stopping because end time detected by thread: Load 1-1
2026-05-18 12:51:09,927 INFO o.a.j.t.JMeterThread: Stopping because end time detected by thread: Load 1-11
2026-05-18 12:51:09,930 INFO o.a.j.t.JMeterThread: Thread finished: Load 1-1
2026-05-18 12:51:09,931 INFO o.a.j.t.JMeterThread: Thread finished: Load 1-11
2026-05-18 12:51:09,931 INFO o.a.j.t.JMeterThread: Thread finished: Load 1-5
2026-05-18 12:51:09,932 INFO o.a.j.t.JMeterThread: Stopping because end time detected by thread: Load 1-17
2026-05-18 12:51:09,932 INFO o.a.j.t.JMeterThread: Stopping because end time detected by thread: Load 1-19
2026-05-18 12:51:09,933 INFO o.a.j.t.JMeterThread: Stopping because end time detected by thread: Load 1-16
2026-05-18 12:51:09,933 INFO o.a.j.t.JMeterThread: Stopping because end time detected by thread: Load 1-7
2026-05-18 12:51:09,932 INFO o.a.j.t.JMeterThread: Stopping because end time detected by thread: Load 1-9
2026-05-18 12:51:09,934 INFO o.a.j.t.JMeterThread: Thread finished: Load 1-17
2026-05-18 12:51:09,934 INFO o.a.j.t.JMeterThread: Thread finished: Load 1-9
2026-05-18 12:51:09,935 INFO o.a.j.t.JMeterThread: Thread finished: Load 1-7
2026-05-18 12:51:09,935 INFO o.a.j.t.JMeterThread: Thread finished: Load 1-19
2026-05-18 12:51:09,935 INFO o.a.j.t.JMeterThread: Thread finished: Load 1-16
2026-05-18 12:51:09,936 INFO o.a.j.t.JMeterThread: Stopping because end time detected by thread: Load 1-18
2026-05-18 12:51:09,937 INFO o.a.j.t.JMeterThread: Stopping because end time detected by thread: Load 1-15
2026-05-18 12:51:09,936 INFO o.a.j.t.JMeterThread: Stopping because end time detected by thread: Load 1-6
2026-05-18 12:51:09,936 INFO o.a.j.t.JMeterThread: Stopping because end time detected by thread: Load 1-20
2026-05-18 12:51:09,938 INFO o.a.j.t.JMeterThread: Thread finished: Load 1-18
2026-05-18 12:51:09,939 INFO o.a.j.t.JMeterThread: Thread finished: Load 1-20
2026-05-18 12:51:09,939 INFO o.a.j.t.JMeterThread: Thread finished: Load 1-15
2026-05-18 12:51:09,939 INFO o.a.j.t.JMeterThread: Thread finished: Load 1-6
2026-05-18 12:51:09,941 INFO o.a.j.e.StandardJMeterEngine: Notifying test listeners of end of test
2026-05-18 12:51:09,944 INFO o.a.j.r.Summariser: summary +   8274 in 00:00:10 =  833.8/s Avg:    22 Min:     4 Max:   105 Err:     0 (0.00%) Active: 0 Started: 20 Finished: 20
2026-05-18 12:51:09,945 INFO o.a.j.r.Summariser: summary =  58984 in 00:01:00 =  981.4/s Avg:    18 Min:     2 Max:   136 Err:     0 (0.00%)
