2026-05-18 12:47:58,753 INFO o.a.j.u.JMeterUtils: Setting Locale to en_EN
2026-05-18 12:47:58,772 INFO o.a.j.JMeter: Loading user properties from: /opt/apache-jmeter-5.5/bin/user.properties
2026-05-18 12:47:58,773 INFO o.a.j.JMeter: Loading system properties from: /opt/apache-jmeter-5.5/bin/system.properties
2026-05-18 12:47:58,774 INFO o.a.j.JMeter: Setting System property: log4j2.formatMsgNoLookups=true
2026-05-18 12:47:58,774 INFO o.a.j.JMeter: Setting JMeter property: host=app-wt
2026-05-18 12:47:58,776 INFO o.a.j.JMeter: Setting JMeter property: port=8000
2026-05-18 12:47:58,777 INFO o.a.j.JMeter: Setting JMeter property: read_pct=50
2026-05-18 12:47:58,777 INFO o.a.j.JMeter: Setting JMeter property: write_pct=50
2026-05-18 12:47:58,778 INFO o.a.j.JMeter: Setting JMeter property: threads=20
2026-05-18 12:47:58,778 INFO o.a.j.JMeter: Setting JMeter property: duration=60
2026-05-18 12:47:58,779 INFO o.a.j.JMeter: Setting JMeter property: jtl=/results/write_through__balanced.jtl
2026-05-18 12:47:58,787 INFO o.a.j.JMeter: Copyright (c) 1998-2022 The Apache Software Foundation
2026-05-18 12:47:58,788 INFO o.a.j.JMeter: Version 5.5
2026-05-18 12:47:58,789 INFO o.a.j.JMeter: java.version=1.8.0_275
2026-05-18 12:47:58,789 INFO o.a.j.JMeter: java.vm.name=OpenJDK 64-Bit Server VM
2026-05-18 12:47:58,790 INFO o.a.j.JMeter: os.name=Linux
2026-05-18 12:47:58,791 INFO o.a.j.JMeter: os.arch=amd64
2026-05-18 12:47:58,791 INFO o.a.j.JMeter: os.version=6.6.87.2-microsoft-standard-WSL2
2026-05-18 12:47:58,791 INFO o.a.j.JMeter: file.encoding=UTF-8
2026-05-18 12:47:58,792 INFO o.a.j.JMeter: java.awt.headless=true
2026-05-18 12:47:58,792 INFO o.a.j.JMeter: Max memory     =5679087616
2026-05-18 12:47:58,793 INFO o.a.j.JMeter: Available Processors =12
2026-05-18 12:47:58,799 INFO o.a.j.JMeter: Default Locale=English (EN)
2026-05-18 12:47:58,800 INFO o.a.j.JMeter: JMeter  Locale=English (EN)
2026-05-18 12:47:58,801 INFO o.a.j.JMeter: JMeterHome=/opt/apache-jmeter-5.5
2026-05-18 12:47:58,801 INFO o.a.j.JMeter: user.dir  =/opt/apache-jmeter-5.5
2026-05-18 12:47:58,802 INFO o.a.j.JMeter: PWD       =/opt/apache-jmeter-5.5
2026-05-18 12:47:58,803 INFO o.a.j.JMeter: IP: 172.21.0.7 Name: b20f7a0d57ab FullName: b20f7a0d57ab
2026-05-18 12:47:58,830 INFO o.a.j.s.FileServer: Default base='/opt/apache-jmeter-5.5'
2026-05-18 12:47:58,832 INFO o.a.j.s.FileServer: Set new base='/test'
2026-05-18 12:47:58,982 INFO o.a.j.s.SaveService: Testplan (JMX) version: 2.2. Testlog (JTL) version: 2.2
2026-05-18 12:47:59,003 INFO o.a.j.s.SaveService: Using SaveService properties file encoding UTF-8
2026-05-18 12:47:59,008 INFO o.a.j.s.SaveService: Using SaveService properties version 5.0
2026-05-18 12:47:59,016 INFO o.a.j.s.SaveService: Loading file: /test/test-plan.jmx
2026-05-18 12:47:59,469 INFO o.a.j.p.h.s.HTTPSamplerBase: Parser for text/html is org.apache.jmeter.protocol.http.parser.LagartoBasedHtmlParser
2026-05-18 12:47:59,470 INFO o.a.j.p.h.s.HTTPSamplerBase: Parser for application/xhtml+xml is org.apache.jmeter.protocol.http.parser.LagartoBasedHtmlParser
2026-05-18 12:47:59,470 INFO o.a.j.p.h.s.HTTPSamplerBase: Parser for application/xml is org.apache.jmeter.protocol.http.parser.LagartoBasedHtmlParser
2026-05-18 12:47:59,471 INFO o.a.j.p.h.s.HTTPSamplerBase: Parser for text/xml is org.apache.jmeter.protocol.http.parser.LagartoBasedHtmlParser
2026-05-18 12:47:59,472 INFO o.a.j.p.h.s.HTTPSamplerBase: Parser for text/vnd.wap.wml is org.apache.jmeter.protocol.http.parser.RegexpHTMLParser
2026-05-18 12:47:59,472 INFO o.a.j.p.h.s.HTTPSamplerBase: Parser for text/css is org.apache.jmeter.protocol.http.parser.CssParser
2026-05-18 12:47:59,829 INFO o.a.j.JMeter: Creating summariser <summary>
2026-05-18 12:47:59,837 INFO o.a.j.e.StandardJMeterEngine: Running the test!
2026-05-18 12:47:59,838 INFO o.a.j.s.SampleEvent: List of sample_variables: []
2026-05-18 12:47:59,839 INFO o.a.j.s.SampleEvent: List of sample_variables: []
2026-05-18 12:47:59,843 INFO o.a.j.e.u.CompoundVariable: Note: Function class names must contain the string: '.functions.'
2026-05-18 12:47:59,844 INFO o.a.j.e.u.CompoundVariable: Note: Function class names must not contain the string: '.gui.'
2026-05-18 12:47:59,916 INFO o.a.j.JMeter: Running test (1779101279916)
2026-05-18 12:48:00,020 INFO o.a.j.e.StandardJMeterEngine: Starting ThreadGroup: 1 : Load
2026-05-18 12:48:00,021 INFO o.a.j.e.StandardJMeterEngine: Starting 20 threads for group Load.
2026-05-18 12:48:00,022 INFO o.a.j.e.StandardJMeterEngine: Thread will continue on error
2026-05-18 12:48:00,023 INFO o.a.j.t.ThreadGroup: Starting thread group... number=1 threads=20 ramp-up=2 delayedStart=false
2026-05-18 12:48:00,051 INFO o.a.j.t.ThreadGroup: Started thread group number 1
2026-05-18 12:48:00,052 INFO o.a.j.e.StandardJMeterEngine: All thread groups have been started
2026-05-18 12:48:00,091 INFO o.a.j.t.JMeterThread: Thread started: Load 1-1
2026-05-18 12:48:00,188 INFO o.a.j.t.JMeterThread: Thread started: Load 1-2
2026-05-18 12:48:00,255 INFO o.a.j.p.h.s.HTTPHCAbstractImpl: Local host = b20f7a0d57ab
2026-05-18 12:48:00,263 INFO o.a.j.p.h.s.HTTPHC4Impl: HTTP request retry count = 0
2026-05-18 12:48:00,265 INFO o.a.j.s.SampleResult: Note: Sample TimeStamps are START times
2026-05-18 12:48:00,266 INFO o.a.j.s.SampleResult: sampleresult.default.encoding is set to ISO-8859-1
2026-05-18 12:48:00,267 INFO o.a.j.s.SampleResult: sampleresult.useNanoTime=true
2026-05-18 12:48:00,267 INFO o.a.j.s.SampleResult: sampleresult.nanoThreadSleep=5000
2026-05-18 12:48:00,286 INFO o.a.j.t.JMeterThread: Thread started: Load 1-3
2026-05-18 12:48:00,385 INFO o.a.j.t.JMeterThread: Thread started: Load 1-4
2026-05-18 12:48:00,389 INFO o.a.j.r.Summariser: summary +      1 in 00:00:00 =    2.1/s Avg:    61 Min:    61 Max:    61 Err:     0 (0.00%) Active: 4 Started: 4 Finished: 0
2026-05-18 12:48:00,484 INFO o.a.j.t.JMeterThread: Thread started: Load 1-5
2026-05-18 12:48:00,583 INFO o.a.j.t.JMeterThread: Thread started: Load 1-6
2026-05-18 12:48:00,681 INFO o.a.j.t.JMeterThread: Thread started: Load 1-7
2026-05-18 12:48:00,780 INFO o.a.j.t.JMeterThread: Thread started: Load 1-8
2026-05-18 12:48:00,880 INFO o.a.j.t.JMeterThread: Thread started: Load 1-9
2026-05-18 12:48:00,979 INFO o.a.j.t.JMeterThread: Thread started: Load 1-10
2026-05-18 12:48:01,078 INFO o.a.j.t.JMeterThread: Thread started: Load 1-11
2026-05-18 12:48:01,178 INFO o.a.j.t.JMeterThread: Thread started: Load 1-12
2026-05-18 12:48:01,276 INFO o.a.j.t.JMeterThread: Thread started: Load 1-13
2026-05-18 12:48:01,375 INFO o.a.j.t.JMeterThread: Thread started: Load 1-14
2026-05-18 12:48:01,473 INFO o.a.j.t.JMeterThread: Thread started: Load 1-15
2026-05-18 12:48:01,573 INFO o.a.j.t.JMeterThread: Thread started: Load 1-16
2026-05-18 12:48:01,671 INFO o.a.j.t.JMeterThread: Thread started: Load 1-17
2026-05-18 12:48:01,770 INFO o.a.j.t.JMeterThread: Thread started: Load 1-18
2026-05-18 12:48:01,870 INFO o.a.j.t.JMeterThread: Thread started: Load 1-19
2026-05-18 12:48:01,968 INFO o.a.j.t.JMeterThread: Thread started: Load 1-20
2026-05-18 12:48:30,000 INFO o.a.j.r.Summariser: summary +  17124 in 00:00:30 =  578.3/s Avg:    32 Min:     0 Max:   224 Err:     0 (0.00%) Active: 20 Started: 20 Finished: 0
2026-05-18 12:48:30,001 INFO o.a.j.r.Summariser: summary =  17125 in 00:00:30 =  569.2/s Avg:    32 Min:     0 Max:   224 Err:     0 (0.00%)
2026-05-18 12:49:00,028 INFO o.a.j.r.Summariser: summary +  19588 in 00:00:30 =  652.3/s Avg:    29 Min:     0 Max:   135 Err:     0 (0.00%) Active: 20 Started: 20 Finished: 0
2026-05-18 12:49:00,028 INFO o.a.j.r.Summariser: summary =  36713 in 00:01:00 =  610.8/s Avg:    31 Min:     0 Max:   224 Err:     0 (0.00%)
2026-05-18 12:49:00,041 INFO o.a.j.t.JMeterThread: Stopping because end time detected by thread: Load 1-11
2026-05-18 12:49:00,041 INFO o.a.j.t.JMeterThread: Stopping because end time detected by thread: Load 1-6
2026-05-18 12:49:00,042 INFO o.a.j.t.JMeterThread: Thread finished: Load 1-11
2026-05-18 12:49:00,043 INFO o.a.j.t.JMeterThread: Thread finished: Load 1-6
2026-05-18 12:49:00,045 INFO o.a.j.t.JMeterThread: Stopping because end time detected by thread: Load 1-5
2026-05-18 12:49:00,045 INFO o.a.j.t.JMeterThread: Stopping because end time detected by thread: Load 1-7
2026-05-18 12:49:00,046 INFO o.a.j.t.JMeterThread: Thread finished: Load 1-7
2026-05-18 12:49:00,047 INFO o.a.j.t.JMeterThread: Stopping because end time detected by thread: Load 1-14
2026-05-18 12:49:00,046 INFO o.a.j.t.JMeterThread: Thread finished: Load 1-5
2026-05-18 12:49:00,047 INFO o.a.j.t.JMeterThread: Stopping because end time detected by thread: Load 1-13
2026-05-18 12:49:00,047 INFO o.a.j.t.JMeterThread: Stopping because end time detected by thread: Load 1-4
2026-05-18 12:49:00,048 INFO o.a.j.t.JMeterThread: Thread finished: Load 1-14
2026-05-18 12:49:00,049 INFO o.a.j.t.JMeterThread: Thread finished: Load 1-13
2026-05-18 12:49:00,050 INFO o.a.j.t.JMeterThread: Stopping because end time detected by thread: Load 1-1
2026-05-18 12:49:00,050 INFO o.a.j.t.JMeterThread: Stopping because end time detected by thread: Load 1-2
2026-05-18 12:49:00,050 INFO o.a.j.t.JMeterThread: Thread finished: Load 1-4
2026-05-18 12:49:00,051 INFO o.a.j.t.JMeterThread: Thread finished: Load 1-2
2026-05-18 12:49:00,051 INFO o.a.j.t.JMeterThread: Thread finished: Load 1-1
2026-05-18 12:49:00,053 INFO o.a.j.t.JMeterThread: Stopping because end time detected by thread: Load 1-19
2026-05-18 12:49:00,053 INFO o.a.j.t.JMeterThread: Stopping because end time detected by thread: Load 1-12
2026-05-18 12:49:00,053 INFO o.a.j.t.JMeterThread: Stopping because end time detected by thread: Load 1-3
2026-05-18 12:49:00,055 INFO o.a.j.t.JMeterThread: Stopping because end time detected by thread: Load 1-18
2026-05-18 12:49:00,055 INFO o.a.j.t.JMeterThread: Stopping because end time detected by thread: Load 1-9
2026-05-18 12:49:00,056 INFO o.a.j.t.JMeterThread: Stopping because end time detected by thread: Load 1-16
2026-05-18 12:49:00,056 INFO o.a.j.t.JMeterThread: Stopping because end time detected by thread: Load 1-17
2026-05-18 12:49:00,056 INFO o.a.j.t.JMeterThread: Stopping because end time detected by thread: Load 1-8
2026-05-18 12:49:00,056 INFO o.a.j.t.JMeterThread: Stopping because end time detected by thread: Load 1-10
2026-05-18 12:49:00,055 INFO o.a.j.t.JMeterThread: Thread finished: Load 1-3
2026-05-18 12:49:00,055 INFO o.a.j.t.JMeterThread: Thread finished: Load 1-12
2026-05-18 12:49:00,055 INFO o.a.j.t.JMeterThread: Stopping because end time detected by thread: Load 1-15
2026-05-18 12:49:00,055 INFO o.a.j.t.JMeterThread: Thread finished: Load 1-19
2026-05-18 12:49:00,058 INFO o.a.j.t.JMeterThread: Thread finished: Load 1-10
2026-05-18 12:49:00,059 INFO o.a.j.t.JMeterThread: Thread finished: Load 1-15
2026-05-18 12:49:00,058 INFO o.a.j.t.JMeterThread: Thread finished: Load 1-8
2026-05-18 12:49:00,058 INFO o.a.j.t.JMeterThread: Thread finished: Load 1-17
2026-05-18 12:49:00,057 INFO o.a.j.t.JMeterThread: Thread finished: Load 1-16
2026-05-18 12:49:00,057 INFO o.a.j.t.JMeterThread: Stopping because end time detected by thread: Load 1-20
2026-05-18 12:49:00,057 INFO o.a.j.t.JMeterThread: Thread finished: Load 1-18
2026-05-18 12:49:00,060 INFO o.a.j.t.JMeterThread: Thread finished: Load 1-9
2026-05-18 12:49:00,061 INFO o.a.j.t.JMeterThread: Thread finished: Load 1-20
2026-05-18 12:49:00,061 INFO o.a.j.e.StandardJMeterEngine: Notifying test listeners of end of test
2026-05-18 12:49:00,063 INFO o.a.j.r.Summariser: summary +     25 in 00:00:00 =  694.4/s Avg:    64 Min:     1 Max:    91 Err:     0 (0.00%) Active: 0 Started: 20 Finished: 20
2026-05-18 12:49:00,064 INFO o.a.j.r.Summariser: summary =  36738 in 00:01:00 =  610.8/s Avg:    31 Min:     0 Max:   224 Err:     0 (0.00%)
