2026-05-18 12:46:51,832 INFO o.a.j.u.JMeterUtils: Setting Locale to en_EN
2026-05-18 12:46:51,849 INFO o.a.j.JMeter: Loading user properties from: /opt/apache-jmeter-5.5/bin/user.properties
2026-05-18 12:46:51,850 INFO o.a.j.JMeter: Loading system properties from: /opt/apache-jmeter-5.5/bin/system.properties
2026-05-18 12:46:51,850 INFO o.a.j.JMeter: Setting System property: log4j2.formatMsgNoLookups=true
2026-05-18 12:46:51,851 INFO o.a.j.JMeter: Setting JMeter property: host=app-wt
2026-05-18 12:46:51,851 INFO o.a.j.JMeter: Setting JMeter property: port=8000
2026-05-18 12:46:51,852 INFO o.a.j.JMeter: Setting JMeter property: read_pct=80
2026-05-18 12:46:51,852 INFO o.a.j.JMeter: Setting JMeter property: write_pct=20
2026-05-18 12:46:51,852 INFO o.a.j.JMeter: Setting JMeter property: threads=20
2026-05-18 12:46:51,853 INFO o.a.j.JMeter: Setting JMeter property: duration=60
2026-05-18 12:46:51,853 INFO o.a.j.JMeter: Setting JMeter property: jtl=/results/write_through__read-heavy.jtl
2026-05-18 12:46:51,860 INFO o.a.j.JMeter: Copyright (c) 1998-2022 The Apache Software Foundation
2026-05-18 12:46:51,861 INFO o.a.j.JMeter: Version 5.5
2026-05-18 12:46:51,867 INFO o.a.j.JMeter: java.version=1.8.0_275
2026-05-18 12:46:51,867 INFO o.a.j.JMeter: java.vm.name=OpenJDK 64-Bit Server VM
2026-05-18 12:46:51,867 INFO o.a.j.JMeter: os.name=Linux
2026-05-18 12:46:51,868 INFO o.a.j.JMeter: os.arch=amd64
2026-05-18 12:46:51,868 INFO o.a.j.JMeter: os.version=6.6.87.2-microsoft-standard-WSL2
2026-05-18 12:46:51,869 INFO o.a.j.JMeter: file.encoding=UTF-8
2026-05-18 12:46:51,869 INFO o.a.j.JMeter: java.awt.headless=true
2026-05-18 12:46:51,869 INFO o.a.j.JMeter: Max memory     =5687476224
2026-05-18 12:46:51,870 INFO o.a.j.JMeter: Available Processors =12
2026-05-18 12:46:51,875 INFO o.a.j.JMeter: Default Locale=English (EN)
2026-05-18 12:46:51,876 INFO o.a.j.JMeter: JMeter  Locale=English (EN)
2026-05-18 12:46:51,876 INFO o.a.j.JMeter: JMeterHome=/opt/apache-jmeter-5.5
2026-05-18 12:46:51,877 INFO o.a.j.JMeter: user.dir  =/opt/apache-jmeter-5.5
2026-05-18 12:46:51,877 INFO o.a.j.JMeter: PWD       =/opt/apache-jmeter-5.5
2026-05-18 12:46:51,878 INFO o.a.j.JMeter: IP: 172.21.0.7 Name: 17dca868fbdf FullName: 17dca868fbdf
2026-05-18 12:46:51,900 INFO o.a.j.s.FileServer: Default base='/opt/apache-jmeter-5.5'
2026-05-18 12:46:51,901 INFO o.a.j.s.FileServer: Set new base='/test'
2026-05-18 12:46:52,045 INFO o.a.j.s.SaveService: Testplan (JMX) version: 2.2. Testlog (JTL) version: 2.2
2026-05-18 12:46:52,064 INFO o.a.j.s.SaveService: Using SaveService properties file encoding UTF-8
2026-05-18 12:46:52,071 INFO o.a.j.s.SaveService: Using SaveService properties version 5.0
2026-05-18 12:46:52,080 INFO o.a.j.s.SaveService: Loading file: /test/test-plan.jmx
2026-05-18 12:46:52,357 INFO o.a.j.p.h.s.HTTPSamplerBase: Parser for text/html is org.apache.jmeter.protocol.http.parser.LagartoBasedHtmlParser
2026-05-18 12:46:52,358 INFO o.a.j.p.h.s.HTTPSamplerBase: Parser for application/xhtml+xml is org.apache.jmeter.protocol.http.parser.LagartoBasedHtmlParser
2026-05-18 12:46:52,359 INFO o.a.j.p.h.s.HTTPSamplerBase: Parser for application/xml is org.apache.jmeter.protocol.http.parser.LagartoBasedHtmlParser
2026-05-18 12:46:52,359 INFO o.a.j.p.h.s.HTTPSamplerBase: Parser for text/xml is org.apache.jmeter.protocol.http.parser.LagartoBasedHtmlParser
2026-05-18 12:46:52,360 INFO o.a.j.p.h.s.HTTPSamplerBase: Parser for text/vnd.wap.wml is org.apache.jmeter.protocol.http.parser.RegexpHTMLParser
2026-05-18 12:46:52,360 INFO o.a.j.p.h.s.HTTPSamplerBase: Parser for text/css is org.apache.jmeter.protocol.http.parser.CssParser
2026-05-18 12:46:52,619 INFO o.a.j.JMeter: Creating summariser <summary>
2026-05-18 12:46:52,628 INFO o.a.j.e.StandardJMeterEngine: Running the test!
2026-05-18 12:46:52,629 INFO o.a.j.s.SampleEvent: List of sample_variables: []
2026-05-18 12:46:52,630 INFO o.a.j.s.SampleEvent: List of sample_variables: []
2026-05-18 12:46:52,635 INFO o.a.j.e.u.CompoundVariable: Note: Function class names must contain the string: '.functions.'
2026-05-18 12:46:52,635 INFO o.a.j.e.u.CompoundVariable: Note: Function class names must not contain the string: '.gui.'
2026-05-18 12:46:52,703 INFO o.a.j.JMeter: Running test (1779101212703)
2026-05-18 12:46:52,761 INFO o.a.j.e.StandardJMeterEngine: Starting ThreadGroup: 1 : Load
2026-05-18 12:46:52,761 INFO o.a.j.e.StandardJMeterEngine: Starting 20 threads for group Load.
2026-05-18 12:46:52,762 INFO o.a.j.e.StandardJMeterEngine: Thread will continue on error
2026-05-18 12:46:52,762 INFO o.a.j.t.ThreadGroup: Starting thread group... number=1 threads=20 ramp-up=2 delayedStart=false
2026-05-18 12:46:52,779 INFO o.a.j.t.ThreadGroup: Started thread group number 1
2026-05-18 12:46:52,779 INFO o.a.j.e.StandardJMeterEngine: All thread groups have been started
2026-05-18 12:46:52,826 INFO o.a.j.t.JMeterThread: Thread started: Load 1-1
2026-05-18 12:46:52,923 INFO o.a.j.t.JMeterThread: Thread started: Load 1-2
2026-05-18 12:46:52,978 INFO o.a.j.p.h.s.HTTPHCAbstractImpl: Local host = 17dca868fbdf
2026-05-18 12:46:52,986 INFO o.a.j.p.h.s.HTTPHC4Impl: HTTP request retry count = 0
2026-05-18 12:46:52,989 INFO o.a.j.s.SampleResult: Note: Sample TimeStamps are START times
2026-05-18 12:46:52,989 INFO o.a.j.s.SampleResult: sampleresult.default.encoding is set to ISO-8859-1
2026-05-18 12:46:52,990 INFO o.a.j.s.SampleResult: sampleresult.useNanoTime=true
2026-05-18 12:46:52,990 INFO o.a.j.s.SampleResult: sampleresult.nanoThreadSleep=5000
2026-05-18 12:46:53,022 INFO o.a.j.t.JMeterThread: Thread started: Load 1-3
2026-05-18 12:46:53,121 INFO o.a.j.t.JMeterThread: Thread started: Load 1-4
2026-05-18 12:46:53,221 INFO o.a.j.t.JMeterThread: Thread started: Load 1-5
2026-05-18 12:46:53,319 INFO o.a.j.t.JMeterThread: Thread started: Load 1-6
2026-05-18 12:46:53,419 INFO o.a.j.t.JMeterThread: Thread started: Load 1-7
2026-05-18 12:46:53,519 INFO o.a.j.t.JMeterThread: Thread started: Load 1-8
2026-05-18 12:46:53,618 INFO o.a.j.t.JMeterThread: Thread started: Load 1-9
2026-05-18 12:46:53,718 INFO o.a.j.t.JMeterThread: Thread started: Load 1-10
2026-05-18 12:46:53,817 INFO o.a.j.t.JMeterThread: Thread started: Load 1-11
2026-05-18 12:46:53,916 INFO o.a.j.t.JMeterThread: Thread started: Load 1-12
2026-05-18 12:46:54,016 INFO o.a.j.t.JMeterThread: Thread started: Load 1-13
2026-05-18 12:46:54,116 INFO o.a.j.t.JMeterThread: Thread started: Load 1-14
2026-05-18 12:46:54,214 INFO o.a.j.t.JMeterThread: Thread started: Load 1-15
2026-05-18 12:46:54,313 INFO o.a.j.t.JMeterThread: Thread started: Load 1-16
2026-05-18 12:46:54,413 INFO o.a.j.t.JMeterThread: Thread started: Load 1-17
2026-05-18 12:46:54,512 INFO o.a.j.t.JMeterThread: Thread started: Load 1-18
2026-05-18 12:46:54,611 INFO o.a.j.t.JMeterThread: Thread started: Load 1-19
2026-05-18 12:46:54,710 INFO o.a.j.t.JMeterThread: Thread started: Load 1-20
2026-05-18 12:47:00,005 INFO o.a.j.r.Summariser: summary +   4292 in 00:00:07 =  587.9/s Avg:    26 Min:     1 Max:   157 Err:     0 (0.00%) Active: 20 Started: 20 Finished: 0
2026-05-18 12:47:30,000 INFO o.a.j.r.Summariser: summary +  33830 in 00:00:30 = 1127.8/s Avg:    16 Min:     1 Max:   113 Err:     0 (0.00%) Active: 20 Started: 20 Finished: 0
2026-05-18 12:47:30,001 INFO o.a.j.r.Summariser: summary =  38122 in 00:00:37 = 1022.1/s Avg:    17 Min:     1 Max:   157 Err:     0 (0.00%)
2026-05-18 12:47:52,768 INFO o.a.j.t.JMeterThread: Stopping because end time detected by thread: Load 1-3
2026-05-18 12:47:52,771 INFO o.a.j.t.JMeterThread: Thread finished: Load 1-3
2026-05-18 12:47:52,773 INFO o.a.j.t.JMeterThread: Stopping because end time detected by thread: Load 1-13
2026-05-18 12:47:52,774 INFO o.a.j.t.JMeterThread: Thread finished: Load 1-13
2026-05-18 12:47:52,775 INFO o.a.j.t.JMeterThread: Stopping because end time detected by thread: Load 1-16
2026-05-18 12:47:52,776 INFO o.a.j.t.JMeterThread: Thread finished: Load 1-16
2026-05-18 12:47:52,778 INFO o.a.j.t.JMeterThread: Stopping because end time detected by thread: Load 1-4
2026-05-18 12:47:52,778 INFO o.a.j.t.JMeterThread: Stopping because end time detected by thread: Load 1-10
2026-05-18 12:47:52,780 INFO o.a.j.t.JMeterThread: Stopping because end time detected by thread: Load 1-20
2026-05-18 12:47:52,780 INFO o.a.j.t.JMeterThread: Stopping because end time detected by thread: Load 1-5
2026-05-18 12:47:52,780 INFO o.a.j.t.JMeterThread: Stopping because end time detected by thread: Load 1-19
2026-05-18 12:47:52,780 INFO o.a.j.t.JMeterThread: Thread finished: Load 1-4
2026-05-18 12:47:52,780 INFO o.a.j.t.JMeterThread: Thread finished: Load 1-10
2026-05-18 12:47:52,781 INFO o.a.j.t.JMeterThread: Thread finished: Load 1-5
2026-05-18 12:47:52,781 INFO o.a.j.t.JMeterThread: Thread finished: Load 1-20
2026-05-18 12:47:52,782 INFO o.a.j.t.JMeterThread: Thread finished: Load 1-19
2026-05-18 12:47:52,783 INFO o.a.j.t.JMeterThread: Stopping because end time detected by thread: Load 1-14
2026-05-18 12:47:52,783 INFO o.a.j.t.JMeterThread: Stopping because end time detected by thread: Load 1-15
2026-05-18 12:47:52,783 INFO o.a.j.t.JMeterThread: Stopping because end time detected by thread: Load 1-8
2026-05-18 12:47:52,783 INFO o.a.j.t.JMeterThread: Stopping because end time detected by thread: Load 1-1
2026-05-18 12:47:52,783 INFO o.a.j.t.JMeterThread: Stopping because end time detected by thread: Load 1-12
2026-05-18 12:47:52,783 INFO o.a.j.t.JMeterThread: Stopping because end time detected by thread: Load 1-7
2026-05-18 12:47:52,784 INFO o.a.j.t.JMeterThread: Stopping because end time detected by thread: Load 1-11
2026-05-18 12:47:52,785 INFO o.a.j.t.JMeterThread: Thread finished: Load 1-1
2026-05-18 12:47:52,784 INFO o.a.j.t.JMeterThread: Stopping because end time detected by thread: Load 1-18
2026-05-18 12:47:52,785 INFO o.a.j.t.JMeterThread: Stopping because end time detected by thread: Load 1-2
2026-05-18 12:47:52,786 INFO o.a.j.t.JMeterThread: Thread finished: Load 1-14
2026-05-18 12:47:52,786 INFO o.a.j.t.JMeterThread: Thread finished: Load 1-11
2026-05-18 12:47:52,785 INFO o.a.j.t.JMeterThread: Thread finished: Load 1-15
2026-05-18 12:47:52,786 INFO o.a.j.t.JMeterThread: Thread finished: Load 1-2
2026-05-18 12:47:52,785 INFO o.a.j.t.JMeterThread: Thread finished: Load 1-8
2026-05-18 12:47:52,785 INFO o.a.j.t.JMeterThread: Stopping because end time detected by thread: Load 1-17
2026-05-18 12:47:52,785 INFO o.a.j.t.JMeterThread: Thread finished: Load 1-12
2026-05-18 12:47:52,785 INFO o.a.j.t.JMeterThread: Stopping because end time detected by thread: Load 1-9
2026-05-18 12:47:52,785 INFO o.a.j.t.JMeterThread: Thread finished: Load 1-7
2026-05-18 12:47:52,785 INFO o.a.j.t.JMeterThread: Stopping because end time detected by thread: Load 1-6
2026-05-18 12:47:52,786 INFO o.a.j.t.JMeterThread: Thread finished: Load 1-18
2026-05-18 12:47:52,789 INFO o.a.j.t.JMeterThread: Thread finished: Load 1-9
2026-05-18 12:47:52,788 INFO o.a.j.t.JMeterThread: Thread finished: Load 1-17
2026-05-18 12:47:52,790 INFO o.a.j.t.JMeterThread: Thread finished: Load 1-6
2026-05-18 12:47:52,791 INFO o.a.j.e.StandardJMeterEngine: Notifying test listeners of end of test
2026-05-18 12:47:52,793 INFO o.a.j.r.Summariser: summary +  26556 in 00:00:23 = 1165.1/s Avg:    16 Min:     1 Max:    99 Err:     0 (0.00%) Active: 0 Started: 20 Finished: 20
2026-05-18 12:47:52,793 INFO o.a.j.r.Summariser: summary =  64678 in 00:01:00 = 1076.4/s Avg:    17 Min:     1 Max:   157 Err:     0 (0.00%)
