2026-05-18 12:51:18,712 INFO o.a.j.u.JMeterUtils: Setting Locale to en_EN
2026-05-18 12:51:18,731 INFO o.a.j.JMeter: Loading user properties from: /opt/apache-jmeter-5.5/bin/user.properties
2026-05-18 12:51:18,732 INFO o.a.j.JMeter: Loading system properties from: /opt/apache-jmeter-5.5/bin/system.properties
2026-05-18 12:51:18,732 INFO o.a.j.JMeter: Setting System property: log4j2.formatMsgNoLookups=true
2026-05-18 12:51:18,733 INFO o.a.j.JMeter: Setting JMeter property: host=app-wb
2026-05-18 12:51:18,734 INFO o.a.j.JMeter: Setting JMeter property: port=8000
2026-05-18 12:51:18,735 INFO o.a.j.JMeter: Setting JMeter property: read_pct=50
2026-05-18 12:51:18,736 INFO o.a.j.JMeter: Setting JMeter property: write_pct=50
2026-05-18 12:51:18,736 INFO o.a.j.JMeter: Setting JMeter property: threads=20
2026-05-18 12:51:18,737 INFO o.a.j.JMeter: Setting JMeter property: duration=60
2026-05-18 12:51:18,737 INFO o.a.j.JMeter: Setting JMeter property: jtl=/results/write_back__balanced.jtl
2026-05-18 12:51:18,747 INFO o.a.j.JMeter: Copyright (c) 1998-2022 The Apache Software Foundation
2026-05-18 12:51:18,748 INFO o.a.j.JMeter: Version 5.5
2026-05-18 12:51:18,748 INFO o.a.j.JMeter: java.version=1.8.0_275
2026-05-18 12:51:18,749 INFO o.a.j.JMeter: java.vm.name=OpenJDK 64-Bit Server VM
2026-05-18 12:51:18,749 INFO o.a.j.JMeter: os.name=Linux
2026-05-18 12:51:18,750 INFO o.a.j.JMeter: os.arch=amd64
2026-05-18 12:51:18,750 INFO o.a.j.JMeter: os.version=6.6.87.2-microsoft-standard-WSL2
2026-05-18 12:51:18,751 INFO o.a.j.JMeter: file.encoding=UTF-8
2026-05-18 12:51:18,751 INFO o.a.j.JMeter: java.awt.headless=true
2026-05-18 12:51:18,752 INFO o.a.j.JMeter: Max memory     =5679087616
2026-05-18 12:51:18,752 INFO o.a.j.JMeter: Available Processors =12
2026-05-18 12:51:18,760 INFO o.a.j.JMeter: Default Locale=English (EN)
2026-05-18 12:51:18,761 INFO o.a.j.JMeter: JMeter  Locale=English (EN)
2026-05-18 12:51:18,761 INFO o.a.j.JMeter: JMeterHome=/opt/apache-jmeter-5.5
2026-05-18 12:51:18,762 INFO o.a.j.JMeter: user.dir  =/opt/apache-jmeter-5.5
2026-05-18 12:51:18,763 INFO o.a.j.JMeter: PWD       =/opt/apache-jmeter-5.5
2026-05-18 12:51:18,763 INFO o.a.j.JMeter: IP: 172.21.0.7 Name: c8f83b832f7e FullName: c8f83b832f7e
2026-05-18 12:51:18,791 INFO o.a.j.s.FileServer: Default base='/opt/apache-jmeter-5.5'
2026-05-18 12:51:18,793 INFO o.a.j.s.FileServer: Set new base='/test'
2026-05-18 12:51:18,985 INFO o.a.j.s.SaveService: Testplan (JMX) version: 2.2. Testlog (JTL) version: 2.2
2026-05-18 12:51:19,008 INFO o.a.j.s.SaveService: Using SaveService properties file encoding UTF-8
2026-05-18 12:51:19,016 INFO o.a.j.s.SaveService: Using SaveService properties version 5.0
2026-05-18 12:51:19,024 INFO o.a.j.s.SaveService: Loading file: /test/test-plan.jmx
2026-05-18 12:51:19,410 INFO o.a.j.p.h.s.HTTPSamplerBase: Parser for text/html is org.apache.jmeter.protocol.http.parser.LagartoBasedHtmlParser
2026-05-18 12:51:19,411 INFO o.a.j.p.h.s.HTTPSamplerBase: Parser for application/xhtml+xml is org.apache.jmeter.protocol.http.parser.LagartoBasedHtmlParser
2026-05-18 12:51:19,412 INFO o.a.j.p.h.s.HTTPSamplerBase: Parser for application/xml is org.apache.jmeter.protocol.http.parser.LagartoBasedHtmlParser
2026-05-18 12:51:19,412 INFO o.a.j.p.h.s.HTTPSamplerBase: Parser for text/xml is org.apache.jmeter.protocol.http.parser.LagartoBasedHtmlParser
2026-05-18 12:51:19,413 INFO o.a.j.p.h.s.HTTPSamplerBase: Parser for text/vnd.wap.wml is org.apache.jmeter.protocol.http.parser.RegexpHTMLParser
2026-05-18 12:51:19,414 INFO o.a.j.p.h.s.HTTPSamplerBase: Parser for text/css is org.apache.jmeter.protocol.http.parser.CssParser
2026-05-18 12:51:19,851 INFO o.a.j.JMeter: Creating summariser <summary>
2026-05-18 12:51:19,861 INFO o.a.j.e.StandardJMeterEngine: Running the test!
2026-05-18 12:51:19,863 INFO o.a.j.s.SampleEvent: List of sample_variables: []
2026-05-18 12:51:19,864 INFO o.a.j.s.SampleEvent: List of sample_variables: []
2026-05-18 12:51:19,873 INFO o.a.j.e.u.CompoundVariable: Note: Function class names must contain the string: '.functions.'
2026-05-18 12:51:19,873 INFO o.a.j.e.u.CompoundVariable: Note: Function class names must not contain the string: '.gui.'
2026-05-18 12:51:19,970 INFO o.a.j.JMeter: Running test (1779101479970)
2026-05-18 12:51:20,068 INFO o.a.j.e.StandardJMeterEngine: Starting ThreadGroup: 1 : Load
2026-05-18 12:51:20,069 INFO o.a.j.e.StandardJMeterEngine: Starting 20 threads for group Load.
2026-05-18 12:51:20,069 INFO o.a.j.e.StandardJMeterEngine: Thread will continue on error
2026-05-18 12:51:20,070 INFO o.a.j.t.ThreadGroup: Starting thread group... number=1 threads=20 ramp-up=2 delayedStart=false
2026-05-18 12:51:20,097 INFO o.a.j.t.ThreadGroup: Started thread group number 1
2026-05-18 12:51:20,098 INFO o.a.j.e.StandardJMeterEngine: All thread groups have been started
2026-05-18 12:51:20,139 INFO o.a.j.t.JMeterThread: Thread started: Load 1-1
2026-05-18 12:51:20,232 INFO o.a.j.t.JMeterThread: Thread started: Load 1-2
2026-05-18 12:51:20,310 INFO o.a.j.p.h.s.HTTPHCAbstractImpl: Local host = c8f83b832f7e
2026-05-18 12:51:20,319 INFO o.a.j.p.h.s.HTTPHC4Impl: HTTP request retry count = 0
2026-05-18 12:51:20,323 INFO o.a.j.s.SampleResult: Note: Sample TimeStamps are START times
2026-05-18 12:51:20,323 INFO o.a.j.s.SampleResult: sampleresult.default.encoding is set to ISO-8859-1
2026-05-18 12:51:20,324 INFO o.a.j.s.SampleResult: sampleresult.useNanoTime=true
2026-05-18 12:51:20,325 INFO o.a.j.s.SampleResult: sampleresult.nanoThreadSleep=5000
2026-05-18 12:51:20,332 INFO o.a.j.t.JMeterThread: Thread started: Load 1-3
2026-05-18 12:51:20,430 INFO o.a.j.t.JMeterThread: Thread started: Load 1-4
2026-05-18 12:51:20,529 INFO o.a.j.t.JMeterThread: Thread started: Load 1-5
2026-05-18 12:51:20,629 INFO o.a.j.t.JMeterThread: Thread started: Load 1-6
2026-05-18 12:51:20,728 INFO o.a.j.t.JMeterThread: Thread started: Load 1-7
2026-05-18 12:51:20,826 INFO o.a.j.t.JMeterThread: Thread started: Load 1-8
2026-05-18 12:51:20,925 INFO o.a.j.t.JMeterThread: Thread started: Load 1-9
2026-05-18 12:51:21,024 INFO o.a.j.t.JMeterThread: Thread started: Load 1-10
2026-05-18 12:51:21,123 INFO o.a.j.t.JMeterThread: Thread started: Load 1-11
2026-05-18 12:51:21,220 INFO o.a.j.t.JMeterThread: Thread started: Load 1-12
2026-05-18 12:51:21,320 INFO o.a.j.t.JMeterThread: Thread started: Load 1-13
2026-05-18 12:51:21,420 INFO o.a.j.t.JMeterThread: Thread started: Load 1-14
2026-05-18 12:51:21,515 INFO o.a.j.t.JMeterThread: Thread started: Load 1-15
2026-05-18 12:51:21,616 INFO o.a.j.t.JMeterThread: Thread started: Load 1-16
2026-05-18 12:51:21,715 INFO o.a.j.t.JMeterThread: Thread started: Load 1-17
2026-05-18 12:51:21,816 INFO o.a.j.t.JMeterThread: Thread started: Load 1-18
2026-05-18 12:51:21,914 INFO o.a.j.t.JMeterThread: Thread started: Load 1-19
2026-05-18 12:51:22,014 INFO o.a.j.t.JMeterThread: Thread started: Load 1-20
2026-05-18 12:51:30,004 INFO o.a.j.r.Summariser: summary +   6971 in 00:00:10 =  694.9/s Avg:    22 Min:     2 Max:    84 Err:     0 (0.00%) Active: 20 Started: 20 Finished: 0
2026-05-18 12:52:00,001 INFO o.a.j.r.Summariser: summary +  28975 in 00:00:30 =  965.9/s Avg:    19 Min:     4 Max:    74 Err:     0 (0.00%) Active: 20 Started: 20 Finished: 0
2026-05-18 12:52:00,002 INFO o.a.j.r.Summariser: summary =  35946 in 00:00:40 =  898.0/s Avg:    20 Min:     2 Max:    84 Err:     0 (0.00%)
2026-05-18 12:52:20,078 INFO o.a.j.t.JMeterThread: Stopping because end time detected by thread: Load 1-1
2026-05-18 12:52:20,079 INFO o.a.j.t.JMeterThread: Thread finished: Load 1-1
2026-05-18 12:52:20,082 INFO o.a.j.t.JMeterThread: Stopping because end time detected by thread: Load 1-2
2026-05-18 12:52:20,082 INFO o.a.j.t.JMeterThread: Stopping because end time detected by thread: Load 1-7
2026-05-18 12:52:20,083 INFO o.a.j.t.JMeterThread: Thread finished: Load 1-2
2026-05-18 12:52:20,083 INFO o.a.j.t.JMeterThread: Thread finished: Load 1-7
2026-05-18 12:52:20,093 INFO o.a.j.t.JMeterThread: Stopping because end time detected by thread: Load 1-4
2026-05-18 12:52:20,093 INFO o.a.j.t.JMeterThread: Stopping because end time detected by thread: Load 1-8
2026-05-18 12:52:20,093 INFO o.a.j.t.JMeterThread: Stopping because end time detected by thread: Load 1-3
2026-05-18 12:52:20,093 INFO o.a.j.t.JMeterThread: Stopping because end time detected by thread: Load 1-5
2026-05-18 12:52:20,093 INFO o.a.j.t.JMeterThread: Stopping because end time detected by thread: Load 1-14
2026-05-18 12:52:20,093 INFO o.a.j.t.JMeterThread: Stopping because end time detected by thread: Load 1-6
2026-05-18 12:52:20,094 INFO o.a.j.t.JMeterThread: Thread finished: Load 1-5
2026-05-18 12:52:20,093 INFO o.a.j.t.JMeterThread: Stopping because end time detected by thread: Load 1-11
2026-05-18 12:52:20,093 INFO o.a.j.t.JMeterThread: Stopping because end time detected by thread: Load 1-10
2026-05-18 12:52:20,093 INFO o.a.j.t.JMeterThread: Stopping because end time detected by thread: Load 1-16
2026-05-18 12:52:20,095 INFO o.a.j.t.JMeterThread: Thread finished: Load 1-14
2026-05-18 12:52:20,096 INFO o.a.j.t.JMeterThread: Thread finished: Load 1-10
2026-05-18 12:52:20,096 INFO o.a.j.t.JMeterThread: Thread finished: Load 1-11
2026-05-18 12:52:20,095 INFO o.a.j.t.JMeterThread: Stopping because end time detected by thread: Load 1-9
2026-05-18 12:52:20,094 INFO o.a.j.t.JMeterThread: Stopping because end time detected by thread: Load 1-15
2026-05-18 12:52:20,094 INFO o.a.j.t.JMeterThread: Thread finished: Load 1-4
2026-05-18 12:52:20,094 INFO o.a.j.t.JMeterThread: Thread finished: Load 1-3
2026-05-18 12:52:20,097 INFO o.a.j.t.JMeterThread: Thread finished: Load 1-6
2026-05-18 12:52:20,097 INFO o.a.j.t.JMeterThread: Thread finished: Load 1-15
2026-05-18 12:52:20,097 INFO o.a.j.t.JMeterThread: Thread finished: Load 1-16
2026-05-18 12:52:20,098 INFO o.a.j.t.JMeterThread: Stopping because end time detected by thread: Load 1-20
2026-05-18 12:52:20,096 INFO o.a.j.t.JMeterThread: Thread finished: Load 1-8
2026-05-18 12:52:20,099 INFO o.a.j.t.JMeterThread: Thread finished: Load 1-20
2026-05-18 12:52:20,098 INFO o.a.j.t.JMeterThread: Thread finished: Load 1-9
2026-05-18 12:52:20,100 INFO o.a.j.t.JMeterThread: Stopping because end time detected by thread: Load 1-12
2026-05-18 12:52:20,101 INFO o.a.j.t.JMeterThread: Stopping because end time detected by thread: Load 1-17
2026-05-18 12:52:20,102 INFO o.a.j.t.JMeterThread: Stopping because end time detected by thread: Load 1-18
2026-05-18 12:52:20,101 INFO o.a.j.t.JMeterThread: Stopping because end time detected by thread: Load 1-13
2026-05-18 12:52:20,101 INFO o.a.j.t.JMeterThread: Stopping because end time detected by thread: Load 1-19
2026-05-18 12:52:20,103 INFO o.a.j.t.JMeterThread: Thread finished: Load 1-17
2026-05-18 12:52:20,103 INFO o.a.j.t.JMeterThread: Thread finished: Load 1-18
2026-05-18 12:52:20,103 INFO o.a.j.t.JMeterThread: Thread finished: Load 1-19
2026-05-18 12:52:20,103 INFO o.a.j.t.JMeterThread: Thread finished: Load 1-12
2026-05-18 12:52:20,103 INFO o.a.j.t.JMeterThread: Thread finished: Load 1-13
2026-05-18 12:52:20,105 INFO o.a.j.e.StandardJMeterEngine: Notifying test listeners of end of test
2026-05-18 12:52:20,107 INFO o.a.j.r.Summariser: summary +  22019 in 00:00:20 = 1095.1/s Avg:    17 Min:     3 Max:    90 Err:     0 (0.00%) Active: 0 Started: 20 Finished: 20
2026-05-18 12:52:20,108 INFO o.a.j.r.Summariser: summary =  57965 in 00:01:00 =  963.9/s Avg:    19 Min:     2 Max:    90 Err:     0 (0.00%)
